2026-05-12 17:22:54,979 [INFO] ============================================================
2026-05-12 17:22:54,979 [INFO] Phase 1.2 — Data Parsing & Chunking
2026-05-12 17:22:54,979 [INFO] ============================================================
2026-05-12 17:22:54,980 [INFO] Loaded 5 fund records from scraped_data.json
2026-05-12 17:22:54,980 [INFO]   'HDFC Mid Cap Fund Direct Growth' → 5 chunks produced
2026-05-12 17:22:54,980 [INFO]   'HDFC Flexi Cap Direct Plan Growth' → 5 chunks produced
2026-05-12 17:22:54,981 [INFO]   'HDFC Focused Fund Direct Growth' → 5 chunks produced
2026-05-12 17:22:54,981 [INFO]   'HDFC ELSS Tax Saver Fund Direct Plan Growth' → 6 chunks produced
2026-05-12 17:22:54,981 [INFO]   'HDFC Large Cap Fund Direct Growth' → 5 chunks produced
2026-05-12 17:22:54,984 [INFO] ============================================================
2026-05-12 17:22:54,984 [INFO] Chunking complete. Output saved to: C:\Grow Chatbot\data\processed\chunks.json
2026-05-12 17:22:54,985 [INFO] Total chunks : 26
2026-05-12 17:22:54,985 [INFO] Total tokens : ~1237 (estimated)
2026-05-12 17:22:54,985 [INFO] Largest chunk: ~85 tokens
2026-05-12 17:22:54,985 [INFO] Duplicates   : 0 removed
2026-05-12 17:22:54,985 [INFO] ============================================================
2026-05-12 17:23:27,325 [INFO] ============================================================
2026-05-12 17:23:27,325 [INFO] Phase 1.2 — Data Parsing & Chunking
2026-05-12 17:23:27,326 [INFO] ============================================================
2026-05-12 17:23:27,326 [INFO] Loaded 5 fund records from scraped_data.json
2026-05-12 17:23:27,326 [INFO]   'HDFC Mid Cap Fund Direct Growth' → 5 chunks produced
2026-05-12 17:23:27,327 [INFO]   'HDFC Flexi Cap Direct Plan Growth' → 5 chunks produced
2026-05-12 17:23:27,327 [INFO]   'HDFC Focused Fund Direct Growth' → 5 chunks produced
2026-05-12 17:23:27,327 [INFO]   'HDFC ELSS Tax Saver Fund Direct Plan Growth' → 6 chunks produced
2026-05-12 17:23:27,327 [INFO]   'HDFC Large Cap Fund Direct Growth' → 5 chunks produced
2026-05-12 17:23:27,330 [INFO] ============================================================
2026-05-12 17:23:27,330 [INFO] Chunking complete. Output saved to: C:\Grow Chatbot\data\processed\chunks.json
2026-05-12 17:23:27,330 [INFO] Total chunks : 26
2026-05-12 17:23:27,330 [INFO] Total tokens : ~1237 (estimated)
2026-05-12 17:23:27,331 [INFO] Largest chunk: ~85 tokens
2026-05-12 17:23:27,331 [INFO] Duplicates   : 0 removed
2026-05-12 17:23:27,331 [INFO] ============================================================
2026-05-13 12:07:33,894 [INFO] ============================================================
2026-05-13 12:07:33,895 [INFO] Phase 1.2 — Data Parsing & Chunking
2026-05-13 12:07:33,896 [INFO] ============================================================
2026-05-13 12:07:33,896 [INFO] Loaded 5 fund records from scraped_data.json
2026-05-13 12:07:33,897 [INFO]   'HDFC Mid Cap Fund Direct Growth' → 5 chunks produced
2026-05-13 12:07:33,897 [INFO]   'HDFC Flexi Cap Direct Plan Growth' → 5 chunks produced
2026-05-13 12:07:33,897 [INFO]   'HDFC Focused Fund Direct Growth' → 5 chunks produced
2026-05-13 12:07:33,898 [INFO]   'HDFC ELSS Tax Saver Fund Direct Plan Growth' → 6 chunks produced
2026-05-13 12:07:33,898 [INFO]   'HDFC Large Cap Fund Direct Growth' → 5 chunks produced
2026-05-13 12:07:33,899 [INFO] ============================================================
2026-05-13 12:07:33,899 [INFO] Chunking complete. Output saved to: C:\Grow Chatbot\data\processed\chunks.json
2026-05-13 12:07:33,899 [INFO] Total chunks : 26
2026-05-13 12:07:33,899 [INFO] Total tokens : ~1237 (estimated)
2026-05-13 12:07:33,899 [INFO] Largest chunk: ~85 tokens
2026-05-13 12:07:33,899 [INFO] Duplicates   : 0 removed
2026-05-13 12:07:33,899 [INFO] ============================================================
2026-05-13 12:18:16,100 [INFO] ============================================================
2026-05-13 12:18:16,100 [INFO] Phase 1.2 — Data Parsing & Chunking
2026-05-13 12:18:16,100 [INFO] ============================================================
2026-05-13 12:18:16,101 [INFO] Loaded 5 fund records from scraped_data.json
2026-05-13 12:18:16,101 [INFO]   'HDFC Mid Cap Fund Direct Growth' → 5 chunks produced
2026-05-13 12:18:16,101 [INFO]   'HDFC Flexi Cap Direct Plan Growth' → 5 chunks produced
2026-05-13 12:18:16,101 [INFO]   'HDFC Focused Fund Direct Growth' → 5 chunks produced
2026-05-13 12:18:16,101 [INFO]   'HDFC ELSS Tax Saver Fund Direct Plan Growth' → 6 chunks produced
2026-05-13 12:18:16,101 [INFO]   'HDFC Large Cap Fund Direct Growth' → 5 chunks produced
2026-05-13 12:18:16,102 [INFO] ============================================================
2026-05-13 12:18:16,102 [INFO] Chunking complete. Output saved to: C:\Grow Chatbot\data\processed\chunks.json
2026-05-13 12:18:16,102 [INFO] Total chunks : 26
2026-05-13 12:18:16,102 [INFO] Total tokens : ~1237 (estimated)
2026-05-13 12:18:16,102 [INFO] Largest chunk: ~85 tokens
2026-05-13 12:18:16,102 [INFO] Duplicates   : 0 removed
2026-05-13 12:18:16,102 [INFO] ============================================================
2026-05-13 21:27:36,198 [INFO] ============================================================
2026-05-13 21:27:36,199 [INFO] Phase 1.2 — Data Parsing & Chunking
2026-05-13 21:27:36,200 [INFO] ============================================================
2026-05-13 21:27:36,200 [INFO] Loaded 5 fund records from scraped_data.json
2026-05-13 21:27:36,201 [INFO]   'HDFC Mid Cap Fund Direct Growth' → 5 chunks produced
2026-05-13 21:27:36,201 [INFO]   'HDFC Flexi Cap Direct Plan Growth' → 5 chunks produced
2026-05-13 21:27:36,201 [INFO]   'HDFC Focused Fund Direct Growth' → 5 chunks produced
2026-05-13 21:27:36,201 [INFO]   'HDFC ELSS Tax Saver Fund Direct Plan Growth' → 6 chunks produced
2026-05-13 21:27:36,201 [INFO]   'HDFC Large Cap Fund Direct Growth' → 5 chunks produced
2026-05-13 21:27:36,203 [INFO] ============================================================
2026-05-13 21:27:36,204 [INFO] Chunking complete. Output saved to: C:\Grow Chatbot\data\processed\chunks.json
2026-05-13 21:27:36,204 [INFO] Total chunks : 26
2026-05-13 21:27:36,204 [INFO] Total tokens : ~1237 (estimated)
2026-05-13 21:27:36,204 [INFO] Largest chunk: ~85 tokens
2026-05-13 21:27:36,204 [INFO] Duplicates   : 0 removed
2026-05-13 21:27:36,204 [INFO] ============================================================
2026-05-13 21:32:02,385 [INFO] ============================================================
2026-05-13 21:32:02,385 [INFO] Phase 1.2 — Data Parsing & Chunking
2026-05-13 21:32:02,385 [INFO] ============================================================
2026-05-13 21:32:02,386 [INFO] Loaded 5 fund records from scraped_data.json
2026-05-13 21:32:02,387 [INFO]   'HDFC Mid Cap Fund Direct Growth' → 5 chunks produced
2026-05-13 21:32:02,387 [INFO]   'HDFC Flexi Cap Direct Plan Growth' → 5 chunks produced
2026-05-13 21:32:02,387 [INFO]   'HDFC Focused Fund Direct Growth' → 5 chunks produced
2026-05-13 21:32:02,387 [INFO]   'HDFC ELSS Tax Saver Fund Direct Plan Growth' → 6 chunks produced
2026-05-13 21:32:02,387 [INFO]   'HDFC Large Cap Fund Direct Growth' → 5 chunks produced
2026-05-13 21:32:02,388 [INFO] ============================================================
2026-05-13 21:32:02,388 [INFO] Chunking complete. Output saved to: C:\Grow Chatbot\data\processed\chunks.json
2026-05-13 21:32:02,388 [INFO] Total chunks : 26
2026-05-13 21:32:02,388 [INFO] Total tokens : ~1237 (estimated)
2026-05-13 21:32:02,388 [INFO] Largest chunk: ~85 tokens
2026-05-13 21:32:02,388 [INFO] Duplicates   : 0 removed
2026-05-13 21:32:02,388 [INFO] ============================================================
2026-05-15 06:50:07,397 [INFO] ============================================================
2026-05-15 06:50:07,397 [INFO] Phase 1.2 — Data Parsing & Chunking
2026-05-15 06:50:07,397 [INFO] ============================================================
2026-05-15 06:50:07,397 [INFO] Loaded 5 fund records from scraped_data.json
2026-05-15 06:50:07,397 [INFO]   'HDFC Mid Cap Fund Direct Growth' → 5 chunks produced
2026-05-15 06:50:07,397 [INFO]   'HDFC Flexi Cap Direct Plan Growth' → 5 chunks produced
2026-05-15 06:50:07,397 [INFO]   'HDFC Focused Fund Direct Growth' → 5 chunks produced
2026-05-15 06:50:07,397 [INFO]   'HDFC ELSS Tax Saver Fund Direct Plan Growth' → 6 chunks produced
2026-05-15 06:50:07,398 [INFO]   'HDFC Large Cap Fund Direct Growth' → 5 chunks produced
2026-05-15 06:50:07,398 [INFO] ============================================================
2026-05-15 06:50:07,398 [INFO] Chunking complete. Output saved to: /home/runner/work/Groww-Chatbot/Groww-Chatbot/data/processed/chunks.json
2026-05-15 06:50:07,398 [INFO] Total chunks : 26
2026-05-15 06:50:07,399 [INFO] Total tokens : ~1237 (estimated)
2026-05-15 06:50:07,399 [INFO] Largest chunk: ~85 tokens
2026-05-15 06:50:07,399 [INFO] Duplicates   : 0 removed
2026-05-15 06:50:07,399 [INFO] ============================================================
2026-05-16 06:15:28,344 [INFO] ============================================================
2026-05-16 06:15:28,344 [INFO] Phase 1.2 — Data Parsing & Chunking
2026-05-16 06:15:28,344 [INFO] ============================================================
2026-05-16 06:15:28,344 [INFO] Loaded 5 fund records from scraped_data.json
2026-05-16 06:15:28,344 [INFO]   'HDFC Mid Cap Fund Direct Growth' → 5 chunks produced
2026-05-16 06:15:28,344 [INFO]   'HDFC Flexi Cap Direct Plan Growth' → 5 chunks produced
2026-05-16 06:15:28,344 [INFO]   'HDFC Focused Fund Direct Growth' → 5 chunks produced
2026-05-16 06:15:28,345 [INFO]   'HDFC ELSS Tax Saver Fund Direct Plan Growth' → 6 chunks produced
2026-05-16 06:15:28,345 [INFO]   'HDFC Large Cap Fund Direct Growth' → 5 chunks produced
2026-05-16 06:15:28,345 [INFO] ============================================================
2026-05-16 06:15:28,345 [INFO] Chunking complete. Output saved to: /home/runner/work/Groww-Chatbot/Groww-Chatbot/data/processed/chunks.json
2026-05-16 06:15:28,345 [INFO] Total chunks : 26
2026-05-16 06:15:28,346 [INFO] Total tokens : ~1237 (estimated)
2026-05-16 06:15:28,346 [INFO] Largest chunk: ~85 tokens
2026-05-16 06:15:28,346 [INFO] Duplicates   : 0 removed
2026-05-16 06:15:28,346 [INFO] ============================================================
2026-05-17 06:39:22,165 [INFO] ============================================================
2026-05-17 06:39:22,165 [INFO] Phase 1.2 — Data Parsing & Chunking
2026-05-17 06:39:22,165 [INFO] ============================================================
2026-05-17 06:39:22,165 [INFO] Loaded 5 fund records from scraped_data.json
2026-05-17 06:39:22,165 [INFO]   'HDFC Mid Cap Fund Direct Growth' → 5 chunks produced
2026-05-17 06:39:22,165 [INFO]   'HDFC Flexi Cap Direct Plan Growth' → 5 chunks produced
2026-05-17 06:39:22,165 [INFO]   'HDFC Focused Fund Direct Growth' → 5 chunks produced
2026-05-17 06:39:22,165 [INFO]   'HDFC ELSS Tax Saver Fund Direct Plan Growth' → 6 chunks produced
2026-05-17 06:39:22,165 [INFO]   'HDFC Large Cap Fund Direct Growth' → 5 chunks produced
2026-05-17 06:39:22,166 [INFO] ============================================================
2026-05-17 06:39:22,166 [INFO] Chunking complete. Output saved to: /home/runner/work/Groww-Chatbot/Groww-Chatbot/data/processed/chunks.json
2026-05-17 06:39:22,166 [INFO] Total chunks : 26
2026-05-17 06:39:22,166 [INFO] Total tokens : ~1237 (estimated)
2026-05-17 06:39:22,166 [INFO] Largest chunk: ~85 tokens
2026-05-17 06:39:22,167 [INFO] Duplicates   : 0 removed
2026-05-17 06:39:22,167 [INFO] ============================================================
2026-05-18 07:50:52,383 [INFO] ============================================================
2026-05-18 07:50:52,383 [INFO] Phase 1.2 — Data Parsing & Chunking
2026-05-18 07:50:52,383 [INFO] ============================================================
2026-05-18 07:50:52,383 [INFO] Loaded 5 fund records from scraped_data.json
2026-05-18 07:50:52,383 [INFO]   'HDFC Mid Cap Fund Direct Growth' → 5 chunks produced
2026-05-18 07:50:52,383 [INFO]   'HDFC Flexi Cap Direct Plan Growth' → 5 chunks produced
2026-05-18 07:50:52,383 [INFO]   'HDFC Focused Fund Direct Growth' → 5 chunks produced
2026-05-18 07:50:52,383 [INFO]   'HDFC ELSS Tax Saver Fund Direct Plan Growth' → 6 chunks produced
2026-05-18 07:50:52,383 [INFO]   'HDFC Large Cap Fund Direct Growth' → 5 chunks produced
2026-05-18 07:50:52,384 [INFO] ============================================================
2026-05-18 07:50:52,384 [INFO] Chunking complete. Output saved to: /home/runner/work/Groww-Chatbot/Groww-Chatbot/data/processed/chunks.json
2026-05-18 07:50:52,384 [INFO] Total chunks : 26
2026-05-18 07:50:52,384 [INFO] Total tokens : ~1237 (estimated)
2026-05-18 07:50:52,384 [INFO] Largest chunk: ~85 tokens
2026-05-18 07:50:52,384 [INFO] Duplicates   : 0 removed
2026-05-18 07:50:52,384 [INFO] ============================================================
2026-05-19 07:05:17,533 [INFO] ============================================================
2026-05-19 07:05:17,533 [INFO] Phase 1.2 — Data Parsing & Chunking
2026-05-19 07:05:17,533 [INFO] ============================================================
2026-05-19 07:05:17,533 [INFO] Loaded 5 fund records from scraped_data.json
2026-05-19 07:05:17,534 [INFO]   'HDFC Mid Cap Fund Direct Growth' → 5 chunks produced
2026-05-19 07:05:17,534 [INFO]   'HDFC Flexi Cap Direct Plan Growth' → 5 chunks produced
2026-05-19 07:05:17,534 [INFO]   'HDFC Focused Fund Direct Growth' → 5 chunks produced
2026-05-19 07:05:17,534 [INFO]   'HDFC ELSS Tax Saver Fund Direct Plan Growth' → 6 chunks produced
2026-05-19 07:05:17,534 [INFO]   'HDFC Large Cap Fund Direct Growth' → 5 chunks produced
2026-05-19 07:05:17,535 [INFO] ============================================================
2026-05-19 07:05:17,535 [INFO] Chunking complete. Output saved to: /home/runner/work/Groww-Chatbot/Groww-Chatbot/data/processed/chunks.json
2026-05-19 07:05:17,535 [INFO] Total chunks : 26
2026-05-19 07:05:17,535 [INFO] Total tokens : ~1237 (estimated)
2026-05-19 07:05:17,535 [INFO] Largest chunk: ~85 tokens
2026-05-19 07:05:17,535 [INFO] Duplicates   : 0 removed
2026-05-19 07:05:17,535 [INFO] ============================================================
2026-05-20 07:05:24,113 [INFO] ============================================================
2026-05-20 07:05:24,113 [INFO] Phase 1.2 — Data Parsing & Chunking
2026-05-20 07:05:24,113 [INFO] ============================================================
2026-05-20 07:05:24,113 [INFO] Loaded 5 fund records from scraped_data.json
2026-05-20 07:05:24,113 [INFO]   'HDFC Mid Cap Fund Direct Growth' → 5 chunks produced
2026-05-20 07:05:24,113 [INFO]   'HDFC Flexi Cap Direct Plan Growth' → 5 chunks produced
2026-05-20 07:05:24,113 [INFO]   'HDFC Focused Fund Direct Growth' → 5 chunks produced
2026-05-20 07:05:24,114 [INFO]   'HDFC ELSS Tax Saver Fund Direct Plan Growth' → 6 chunks produced
2026-05-20 07:05:24,114 [INFO]   'HDFC Large Cap Fund Direct Growth' → 5 chunks produced
2026-05-20 07:05:24,114 [INFO] ============================================================
2026-05-20 07:05:24,114 [INFO] Chunking complete. Output saved to: /home/runner/work/Groww-Chatbot/Groww-Chatbot/data/processed/chunks.json
2026-05-20 07:05:24,115 [INFO] Total chunks : 26
2026-05-20 07:05:24,115 [INFO] Total tokens : ~1237 (estimated)
2026-05-20 07:05:24,115 [INFO] Largest chunk: ~85 tokens
2026-05-20 07:05:24,115 [INFO] Duplicates   : 0 removed
2026-05-20 07:05:24,115 [INFO] ============================================================
2026-05-21 07:39:11,730 [INFO] ============================================================
2026-05-21 07:39:11,730 [INFO] Phase 1.2 — Data Parsing & Chunking
2026-05-21 07:39:11,730 [INFO] ============================================================
2026-05-21 07:39:11,731 [INFO] Loaded 5 fund records from scraped_data.json
2026-05-21 07:39:11,731 [INFO]   'HDFC Mid Cap Fund Direct Growth' → 5 chunks produced
2026-05-21 07:39:11,731 [INFO]   'HDFC Flexi Cap Direct Plan Growth' → 5 chunks produced
2026-05-21 07:39:11,731 [INFO]   'HDFC Focused Fund Direct Growth' → 5 chunks produced
2026-05-21 07:39:11,731 [INFO]   'HDFC ELSS Tax Saver Fund Direct Plan Growth' → 6 chunks produced
2026-05-21 07:39:11,731 [INFO]   'HDFC Large Cap Fund Direct Growth' → 5 chunks produced
2026-05-21 07:39:11,732 [INFO] ============================================================
2026-05-21 07:39:11,732 [INFO] Chunking complete. Output saved to: /home/runner/work/Groww-Chatbot/Groww-Chatbot/data/processed/chunks.json
2026-05-21 07:39:11,732 [INFO] Total chunks : 26
2026-05-21 07:39:11,732 [INFO] Total tokens : ~1237 (estimated)
2026-05-21 07:39:11,732 [INFO] Largest chunk: ~85 tokens
2026-05-21 07:39:11,732 [INFO] Duplicates   : 0 removed
2026-05-21 07:39:11,732 [INFO] ============================================================
2026-05-22 07:05:35,134 [INFO] ============================================================
2026-05-22 07:05:35,135 [INFO] Phase 1.2 — Data Parsing & Chunking
2026-05-22 07:05:35,135 [INFO] ============================================================
2026-05-22 07:05:35,135 [INFO] Loaded 5 fund records from scraped_data.json
2026-05-22 07:05:35,135 [INFO]   'HDFC Mid Cap Fund Direct Growth' → 5 chunks produced
2026-05-22 07:05:35,135 [INFO]   'HDFC Flexi Cap Direct Plan Growth' → 5 chunks produced
2026-05-22 07:05:35,135 [INFO]   'HDFC Focused Fund Direct Growth' → 5 chunks produced
2026-05-22 07:05:35,135 [INFO]   'HDFC ELSS Tax Saver Fund Direct Plan Growth' → 6 chunks produced
2026-05-22 07:05:35,135 [INFO]   'HDFC Large Cap Fund Direct Growth' → 5 chunks produced
2026-05-22 07:05:35,136 [INFO] ============================================================
2026-05-22 07:05:35,136 [INFO] Chunking complete. Output saved to: /home/runner/work/Groww-Chatbot/Groww-Chatbot/data/processed/chunks.json
2026-05-22 07:05:35,136 [INFO] Total chunks : 26
2026-05-22 07:05:35,136 [INFO] Total tokens : ~1237 (estimated)
2026-05-22 07:05:35,136 [INFO] Largest chunk: ~85 tokens
2026-05-22 07:05:35,136 [INFO] Duplicates   : 0 removed
2026-05-22 07:05:35,137 [INFO] ============================================================
2026-05-23 06:27:13,992 [INFO] ============================================================
2026-05-23 06:27:13,992 [INFO] Phase 1.2 — Data Parsing & Chunking
2026-05-23 06:27:13,992 [INFO] ============================================================
2026-05-23 06:27:13,992 [INFO] Loaded 5 fund records from scraped_data.json
2026-05-23 06:27:13,992 [INFO]   'HDFC Mid Cap Fund Direct Growth' → 5 chunks produced
2026-05-23 06:27:13,993 [INFO]   'HDFC Flexi Cap Direct Plan Growth' → 5 chunks produced
2026-05-23 06:27:13,993 [INFO]   'HDFC Focused Fund Direct Growth' → 5 chunks produced
2026-05-23 06:27:13,993 [INFO]   'HDFC ELSS Tax Saver Fund Direct Plan Growth' → 6 chunks produced
2026-05-23 06:27:13,993 [INFO]   'HDFC Large Cap Fund Direct Growth' → 5 chunks produced
2026-05-23 06:27:13,994 [INFO] ============================================================
2026-05-23 06:27:13,994 [INFO] Chunking complete. Output saved to: /home/runner/work/Groww-Chatbot/Groww-Chatbot/data/processed/chunks.json
2026-05-23 06:27:13,994 [INFO] Total chunks : 26
2026-05-23 06:27:13,994 [INFO] Total tokens : ~1237 (estimated)
2026-05-23 06:27:13,994 [INFO] Largest chunk: ~85 tokens
2026-05-23 06:27:13,994 [INFO] Duplicates   : 0 removed
2026-05-23 06:27:13,994 [INFO] ============================================================
2026-05-24 06:53:57,786 [INFO] ============================================================
2026-05-24 06:53:57,786 [INFO] Phase 1.2 — Data Parsing & Chunking
2026-05-24 06:53:57,786 [INFO] ============================================================
2026-05-24 06:53:57,786 [INFO] Loaded 5 fund records from scraped_data.json
2026-05-24 06:53:57,786 [INFO]   'HDFC Mid Cap Fund Direct Growth' → 5 chunks produced
2026-05-24 06:53:57,786 [INFO]   'HDFC Flexi Cap Direct Plan Growth' → 5 chunks produced
2026-05-24 06:53:57,787 [INFO]   'HDFC Focused Fund Direct Growth' → 5 chunks produced
2026-05-24 06:53:57,787 [INFO]   'HDFC ELSS Tax Saver Fund Direct Plan Growth' → 6 chunks produced
2026-05-24 06:53:57,787 [INFO]   'HDFC Large Cap Fund Direct Growth' → 5 chunks produced
2026-05-24 06:53:57,788 [INFO] ============================================================
2026-05-24 06:53:57,788 [INFO] Chunking complete. Output saved to: /home/runner/work/Groww-Chatbot/Groww-Chatbot/data/processed/chunks.json
2026-05-24 06:53:57,788 [INFO] Total chunks : 26
2026-05-24 06:53:57,788 [INFO] Total tokens : ~1237 (estimated)
2026-05-24 06:53:57,788 [INFO] Largest chunk: ~85 tokens
2026-05-24 06:53:57,788 [INFO] Duplicates   : 0 removed
2026-05-24 06:53:57,788 [INFO] ============================================================
2026-05-25 08:09:43,843 [INFO] ============================================================
2026-05-25 08:09:43,843 [INFO] Phase 1.2 — Data Parsing & Chunking
2026-05-25 08:09:43,843 [INFO] ============================================================
2026-05-25 08:09:43,843 [INFO] Loaded 5 fund records from scraped_data.json
2026-05-25 08:09:43,843 [INFO]   'HDFC Mid Cap Fund Direct Growth' → 5 chunks produced
2026-05-25 08:09:43,843 [INFO]   'HDFC Flexi Cap Direct Plan Growth' → 5 chunks produced
2026-05-25 08:09:43,843 [INFO]   'HDFC Focused Fund Direct Growth' → 5 chunks produced
2026-05-25 08:09:43,843 [INFO]   'HDFC ELSS Tax Saver Fund Direct Plan Growth' → 6 chunks produced
2026-05-25 08:09:43,843 [INFO]   'HDFC Large Cap Fund Direct Growth' → 5 chunks produced
2026-05-25 08:09:43,844 [INFO] ============================================================
2026-05-25 08:09:43,844 [INFO] Chunking complete. Output saved to: /home/runner/work/Groww-Chatbot/Groww-Chatbot/data/processed/chunks.json
2026-05-25 08:09:43,844 [INFO] Total chunks : 26
2026-05-25 08:09:43,844 [INFO] Total tokens : ~1237 (estimated)
2026-05-25 08:09:43,844 [INFO] Largest chunk: ~85 tokens
2026-05-25 08:09:43,844 [INFO] Duplicates   : 0 removed
2026-05-25 08:09:43,845 [INFO] ============================================================
2026-05-26 07:03:49,558 [INFO] ============================================================
2026-05-26 07:03:49,558 [INFO] Phase 1.2 — Data Parsing & Chunking
2026-05-26 07:03:49,558 [INFO] ============================================================
2026-05-26 07:03:49,559 [INFO] Loaded 5 fund records from scraped_data.json
2026-05-26 07:03:49,559 [INFO]   'HDFC Mid Cap Fund Direct Growth' → 5 chunks produced
2026-05-26 07:03:49,559 [INFO]   'HDFC Flexi Cap Direct Plan Growth' → 5 chunks produced
2026-05-26 07:03:49,559 [INFO]   'HDFC Focused Fund Direct Growth' → 5 chunks produced
2026-05-26 07:03:49,559 [INFO]   'HDFC ELSS Tax Saver Fund Direct Plan Growth' → 6 chunks produced
2026-05-26 07:03:49,559 [INFO]   'HDFC Large Cap Fund Direct Growth' → 5 chunks produced
2026-05-26 07:03:49,560 [INFO] ============================================================
2026-05-26 07:03:49,560 [INFO] Chunking complete. Output saved to: /home/runner/work/Groww-Chatbot/Groww-Chatbot/data/processed/chunks.json
2026-05-26 07:03:49,560 [INFO] Total chunks : 26
2026-05-26 07:03:49,560 [INFO] Total tokens : ~1237 (estimated)
2026-05-26 07:03:49,560 [INFO] Largest chunk: ~85 tokens
2026-05-26 07:03:49,560 [INFO] Duplicates   : 0 removed
2026-05-26 07:03:49,560 [INFO] ============================================================
2026-05-27 07:52:18,700 [INFO] ============================================================
2026-05-27 07:52:18,700 [INFO] Phase 1.2 — Data Parsing & Chunking
2026-05-27 07:52:18,700 [INFO] ============================================================
2026-05-27 07:52:18,700 [INFO] Loaded 5 fund records from scraped_data.json
2026-05-27 07:52:18,701 [INFO]   'HDFC Mid Cap Fund Direct Growth' → 5 chunks produced
2026-05-27 07:52:18,701 [INFO]   'HDFC Flexi Cap Direct Plan Growth' → 5 chunks produced
2026-05-27 07:52:18,701 [INFO]   'HDFC Focused Fund Direct Growth' → 5 chunks produced
2026-05-27 07:52:18,701 [INFO]   'HDFC ELSS Tax Saver Fund Direct Plan Growth' → 6 chunks produced
2026-05-27 07:52:18,701 [INFO]   'HDFC Large Cap Fund Direct Growth' → 5 chunks produced
2026-05-27 07:52:18,702 [INFO] ============================================================
2026-05-27 07:52:18,702 [INFO] Chunking complete. Output saved to: /home/runner/work/Groww-Chatbot/Groww-Chatbot/data/processed/chunks.json
2026-05-27 07:52:18,702 [INFO] Total chunks : 26
2026-05-27 07:52:18,702 [INFO] Total tokens : ~1237 (estimated)
2026-05-27 07:52:18,702 [INFO] Largest chunk: ~85 tokens
2026-05-27 07:52:18,702 [INFO] Duplicates   : 0 removed
2026-05-27 07:52:18,702 [INFO] ============================================================
2026-05-28 07:45:33,164 [INFO] ============================================================
2026-05-28 07:45:33,164 [INFO] Phase 1.2 — Data Parsing & Chunking
2026-05-28 07:45:33,164 [INFO] ============================================================
2026-05-28 07:45:33,165 [INFO] Loaded 5 fund records from scraped_data.json
2026-05-28 07:45:33,165 [INFO]   'HDFC Mid Cap Fund Direct Growth' → 5 chunks produced
2026-05-28 07:45:33,165 [INFO]   'HDFC Flexi Cap Direct Plan Growth' → 5 chunks produced
2026-05-28 07:45:33,165 [INFO]   'HDFC Focused Fund Direct Growth' → 5 chunks produced
2026-05-28 07:45:33,165 [INFO]   'HDFC ELSS Tax Saver Fund Direct Plan Growth' → 6 chunks produced
2026-05-28 07:45:33,165 [INFO]   'HDFC Large Cap Fund Direct Growth' → 5 chunks produced
2026-05-28 07:45:33,166 [INFO] ============================================================
2026-05-28 07:45:33,166 [INFO] Chunking complete. Output saved to: /home/runner/work/Groww-Chatbot/Groww-Chatbot/data/processed/chunks.json
2026-05-28 07:45:33,166 [INFO] Total chunks : 26
2026-05-28 07:45:33,166 [INFO] Total tokens : ~1237 (estimated)
2026-05-28 07:45:33,166 [INFO] Largest chunk: ~85 tokens
2026-05-28 07:45:33,166 [INFO] Duplicates   : 0 removed
2026-05-28 07:45:33,166 [INFO] ============================================================
2026-05-29 07:43:36,908 [INFO] ============================================================
2026-05-29 07:43:36,908 [INFO] Phase 1.2 — Data Parsing & Chunking
2026-05-29 07:43:36,909 [INFO] ============================================================
2026-05-29 07:43:36,909 [INFO] Loaded 5 fund records from scraped_data.json
2026-05-29 07:43:36,909 [INFO]   'HDFC Mid Cap Fund Direct Growth' → 5 chunks produced
2026-05-29 07:43:36,909 [INFO]   'HDFC Flexi Cap Direct Plan Growth' → 5 chunks produced
2026-05-29 07:43:36,909 [INFO]   'HDFC Focused Fund Direct Growth' → 5 chunks produced
2026-05-29 07:43:36,909 [INFO]   'HDFC ELSS Tax Saver Fund Direct Plan Growth' → 6 chunks produced
2026-05-29 07:43:36,909 [INFO]   'HDFC Large Cap Fund Direct Growth' → 5 chunks produced
2026-05-29 07:43:36,910 [INFO] ============================================================
2026-05-29 07:43:36,910 [INFO] Chunking complete. Output saved to: /home/runner/work/Groww-Chatbot/Groww-Chatbot/data/processed/chunks.json
2026-05-29 07:43:36,910 [INFO] Total chunks : 26
2026-05-29 07:43:36,910 [INFO] Total tokens : ~1237 (estimated)
2026-05-29 07:43:36,910 [INFO] Largest chunk: ~85 tokens
2026-05-29 07:43:36,910 [INFO] Duplicates   : 0 removed
2026-05-29 07:43:36,910 [INFO] ============================================================
2026-05-30 06:39:55,621 [INFO] ============================================================
2026-05-30 06:39:55,621 [INFO] Phase 1.2 — Data Parsing & Chunking
2026-05-30 06:39:55,621 [INFO] ============================================================
2026-05-30 06:39:55,621 [INFO] Loaded 5 fund records from scraped_data.json
2026-05-30 06:39:55,622 [INFO]   'HDFC Mid Cap Fund Direct Growth' → 5 chunks produced
2026-05-30 06:39:55,622 [INFO]   'HDFC Flexi Cap Direct Plan Growth' → 5 chunks produced
2026-05-30 06:39:55,622 [INFO]   'HDFC Focused Fund Direct Growth' → 5 chunks produced
2026-05-30 06:39:55,622 [INFO]   'HDFC ELSS Tax Saver Fund Direct Plan Growth' → 6 chunks produced
2026-05-30 06:39:55,622 [INFO]   'HDFC Large Cap Fund Direct Growth' → 5 chunks produced
2026-05-30 06:39:55,623 [INFO] ============================================================
2026-05-30 06:39:55,623 [INFO] Chunking complete. Output saved to: /home/runner/work/Groww-Chatbot/Groww-Chatbot/data/processed/chunks.json
2026-05-30 06:39:55,623 [INFO] Total chunks : 26
2026-05-30 06:39:55,623 [INFO] Total tokens : ~1237 (estimated)
2026-05-30 06:39:55,623 [INFO] Largest chunk: ~85 tokens
2026-05-30 06:39:55,623 [INFO] Duplicates   : 0 removed
2026-05-30 06:39:55,623 [INFO] ============================================================
2026-05-31 07:37:07,773 [INFO] ============================================================
2026-05-31 07:37:07,773 [INFO] Phase 1.2 — Data Parsing & Chunking
2026-05-31 07:37:07,773 [INFO] ============================================================
2026-05-31 07:37:07,773 [INFO] Loaded 5 fund records from scraped_data.json
2026-05-31 07:37:07,773 [INFO]   'HDFC Mid Cap Fund Direct Growth' → 5 chunks produced
2026-05-31 07:37:07,773 [INFO]   'HDFC Flexi Cap Direct Plan Growth' → 5 chunks produced
2026-05-31 07:37:07,773 [INFO]   'HDFC Focused Fund Direct Growth' → 5 chunks produced
2026-05-31 07:37:07,774 [INFO]   'HDFC ELSS Tax Saver Fund Direct Plan Growth' → 6 chunks produced
2026-05-31 07:37:07,774 [INFO]   'HDFC Large Cap Fund Direct Growth' → 5 chunks produced
2026-05-31 07:37:07,774 [INFO] ============================================================
2026-05-31 07:37:07,774 [INFO] Chunking complete. Output saved to: /home/runner/work/Groww-Chatbot/Groww-Chatbot/data/processed/chunks.json
2026-05-31 07:37:07,774 [INFO] Total chunks : 26
2026-05-31 07:37:07,775 [INFO] Total tokens : ~1237 (estimated)
2026-05-31 07:37:07,775 [INFO] Largest chunk: ~85 tokens
2026-05-31 07:37:07,775 [INFO] Duplicates   : 0 removed
2026-05-31 07:37:07,775 [INFO] ============================================================
2026-06-01 09:07:24,918 [INFO] ============================================================
2026-06-01 09:07:24,918 [INFO] Phase 1.2 — Data Parsing & Chunking
2026-06-01 09:07:24,918 [INFO] ============================================================
2026-06-01 09:07:24,918 [INFO] Loaded 5 fund records from scraped_data.json
2026-06-01 09:07:24,918 [INFO]   'HDFC Mid Cap Fund Direct Growth' → 5 chunks produced
2026-06-01 09:07:24,918 [INFO]   'HDFC Flexi Cap Direct Plan Growth' → 5 chunks produced
2026-06-01 09:07:24,918 [INFO]   'HDFC Focused Fund Direct Growth' → 5 chunks produced
2026-06-01 09:07:24,918 [INFO]   'HDFC ELSS Tax Saver Fund Direct Plan Growth' → 6 chunks produced
2026-06-01 09:07:24,919 [INFO]   'HDFC Large Cap Fund Direct Growth' → 5 chunks produced
2026-06-01 09:07:24,919 [INFO] ============================================================
2026-06-01 09:07:24,919 [INFO] Chunking complete. Output saved to: /home/runner/work/Groww-Chatbot/Groww-Chatbot/data/processed/chunks.json
2026-06-01 09:07:24,919 [INFO] Total chunks : 26
2026-06-01 09:07:24,919 [INFO] Total tokens : ~1237 (estimated)
2026-06-01 09:07:24,919 [INFO] Largest chunk: ~85 tokens
2026-06-01 09:07:24,919 [INFO] Duplicates   : 0 removed
2026-06-01 09:07:24,919 [INFO] ============================================================
2026-06-02 08:18:03,402 [INFO] ============================================================
2026-06-02 08:18:03,402 [INFO] Phase 1.2 — Data Parsing & Chunking
2026-06-02 08:18:03,402 [INFO] ============================================================
2026-06-02 08:18:03,402 [INFO] Loaded 5 fund records from scraped_data.json
2026-06-02 08:18:03,402 [INFO]   'HDFC Mid Cap Fund Direct Growth' → 5 chunks produced
2026-06-02 08:18:03,402 [INFO]   'HDFC Flexi Cap Direct Plan Growth' → 5 chunks produced
2026-06-02 08:18:03,402 [INFO]   'HDFC Focused Fund Direct Growth' → 5 chunks produced
2026-06-02 08:18:03,402 [INFO]   'HDFC ELSS Tax Saver Fund Direct Plan Growth' → 6 chunks produced
2026-06-02 08:18:03,403 [INFO]   'HDFC Large Cap Fund Direct Growth' → 5 chunks produced
2026-06-02 08:18:03,403 [INFO] ============================================================
2026-06-02 08:18:03,403 [INFO] Chunking complete. Output saved to: /home/runner/work/Groww-Chatbot/Groww-Chatbot/data/processed/chunks.json
2026-06-02 08:18:03,403 [INFO] Total chunks : 26
2026-06-02 08:18:03,403 [INFO] Total tokens : ~1237 (estimated)
2026-06-02 08:18:03,403 [INFO] Largest chunk: ~85 tokens
2026-06-02 08:18:03,404 [INFO] Duplicates   : 0 removed
2026-06-02 08:18:03,404 [INFO] ============================================================
