2026-05-12 17:42:10,209 [INFO] ============================================================
2026-05-12 17:42:10,210 [INFO] Phase 1.3 — Metadata Enrichment
2026-05-12 17:42:10,210 [INFO] ============================================================
2026-05-12 17:42:10,212 [INFO] Loaded 26 chunks from chunks.json
2026-05-12 17:42:10,212 [INFO] Loaded 5 fund records from scraped_data.json
2026-05-12 17:42:10,212 [INFO] Fund lookup built: 10 keys
2026-05-12 17:42:10,214 [INFO] ============================================================
2026-05-12 17:42:10,215 [INFO] Enrichment complete. Output saved to: C:\Grow Chatbot\data\processed\enriched_chunks.json
2026-05-12 17:42:10,217 [INFO] Total chunks enriched : 26
2026-05-12 17:42:10,217 [INFO] Validation warnings   : 0
2026-05-12 17:42:10,217 [INFO] ============================================================
2026-05-13 12:07:34,039 [INFO] ============================================================
2026-05-13 12:07:34,040 [INFO] Phase 1.3 — Metadata Enrichment
2026-05-13 12:07:34,040 [INFO] ============================================================
2026-05-13 12:07:34,041 [INFO] Loaded 26 chunks from chunks.json
2026-05-13 12:07:34,041 [INFO] Loaded 5 fund records from scraped_data.json
2026-05-13 12:07:34,041 [INFO] Fund lookup built: 10 keys
2026-05-13 12:07:34,043 [INFO] ============================================================
2026-05-13 12:07:34,043 [INFO] Enrichment complete. Output saved to: C:\Grow Chatbot\data\processed\enriched_chunks.json
2026-05-13 12:07:34,043 [INFO] Total chunks enriched : 26
2026-05-13 12:07:34,043 [INFO] Validation warnings   : 0
2026-05-13 12:07:34,043 [INFO] ============================================================
2026-05-13 12:18:16,244 [INFO] ============================================================
2026-05-13 12:18:16,244 [INFO] Phase 1.3 — Metadata Enrichment
2026-05-13 12:18:16,244 [INFO] ============================================================
2026-05-13 12:18:16,245 [INFO] Loaded 26 chunks from chunks.json
2026-05-13 12:18:16,245 [INFO] Loaded 5 fund records from scraped_data.json
2026-05-13 12:18:16,245 [INFO] Fund lookup built: 10 keys
2026-05-13 12:18:16,248 [INFO] ============================================================
2026-05-13 12:18:16,248 [INFO] Enrichment complete. Output saved to: C:\Grow Chatbot\data\processed\enriched_chunks.json
2026-05-13 12:18:16,248 [INFO] Total chunks enriched : 26
2026-05-13 12:18:16,248 [INFO] Validation warnings   : 0
2026-05-13 12:18:16,248 [INFO] ============================================================
2026-05-13 21:27:36,309 [INFO] ============================================================
2026-05-13 21:27:36,310 [INFO] Phase 1.3 — Metadata Enrichment
2026-05-13 21:27:36,310 [INFO] ============================================================
2026-05-13 21:27:36,312 [INFO] Loaded 26 chunks from chunks.json
2026-05-13 21:27:36,312 [INFO] Loaded 5 fund records from scraped_data.json
2026-05-13 21:27:36,313 [INFO] Fund lookup built: 10 keys
2026-05-13 21:27:36,315 [INFO] ============================================================
2026-05-13 21:27:36,315 [INFO] Enrichment complete. Output saved to: C:\Grow Chatbot\data\processed\enriched_chunks.json
2026-05-13 21:27:36,315 [INFO] Total chunks enriched : 26
2026-05-13 21:27:36,315 [INFO] Validation warnings   : 0
2026-05-13 21:27:36,315 [INFO] ============================================================
2026-05-13 21:32:02,491 [INFO] ============================================================
2026-05-13 21:32:02,491 [INFO] Phase 1.3 — Metadata Enrichment
2026-05-13 21:32:02,491 [INFO] ============================================================
2026-05-13 21:32:02,491 [INFO] Loaded 26 chunks from chunks.json
2026-05-13 21:32:02,491 [INFO] Loaded 5 fund records from scraped_data.json
2026-05-13 21:32:02,491 [INFO] Fund lookup built: 10 keys
2026-05-13 21:32:02,493 [INFO] ============================================================
2026-05-13 21:32:02,493 [INFO] Enrichment complete. Output saved to: C:\Grow Chatbot\data\processed\enriched_chunks.json
2026-05-13 21:32:02,493 [INFO] Total chunks enriched : 26
2026-05-13 21:32:02,493 [INFO] Validation warnings   : 0
2026-05-13 21:32:02,493 [INFO] ============================================================
2026-05-15 06:50:07,435 [INFO] ============================================================
2026-05-15 06:50:07,435 [INFO] Phase 1.3 — Metadata Enrichment
2026-05-15 06:50:07,435 [INFO] ============================================================
2026-05-15 06:50:07,435 [INFO] Loaded 26 chunks from chunks.json
2026-05-15 06:50:07,435 [INFO] Loaded 5 fund records from scraped_data.json
2026-05-15 06:50:07,435 [INFO] Fund lookup built: 10 keys
2026-05-15 06:50:07,436 [INFO] ============================================================
2026-05-15 06:50:07,436 [INFO] Enrichment complete. Output saved to: /home/runner/work/Groww-Chatbot/Groww-Chatbot/data/processed/enriched_chunks.json
2026-05-15 06:50:07,436 [INFO] Total chunks enriched : 26
2026-05-15 06:50:07,436 [INFO] Validation warnings   : 0
2026-05-15 06:50:07,436 [INFO] ============================================================
2026-05-16 06:15:28,382 [INFO] ============================================================
2026-05-16 06:15:28,382 [INFO] Phase 1.3 — Metadata Enrichment
2026-05-16 06:15:28,382 [INFO] ============================================================
2026-05-16 06:15:28,382 [INFO] Loaded 26 chunks from chunks.json
2026-05-16 06:15:28,382 [INFO] Loaded 5 fund records from scraped_data.json
2026-05-16 06:15:28,382 [INFO] Fund lookup built: 10 keys
2026-05-16 06:15:28,384 [INFO] ============================================================
2026-05-16 06:15:28,384 [INFO] Enrichment complete. Output saved to: /home/runner/work/Groww-Chatbot/Groww-Chatbot/data/processed/enriched_chunks.json
2026-05-16 06:15:28,384 [INFO] Total chunks enriched : 26
2026-05-16 06:15:28,384 [INFO] Validation warnings   : 0
2026-05-16 06:15:28,384 [INFO] ============================================================
2026-05-17 06:39:22,202 [INFO] ============================================================
2026-05-17 06:39:22,202 [INFO] Phase 1.3 — Metadata Enrichment
2026-05-17 06:39:22,202 [INFO] ============================================================
2026-05-17 06:39:22,203 [INFO] Loaded 26 chunks from chunks.json
2026-05-17 06:39:22,203 [INFO] Loaded 5 fund records from scraped_data.json
2026-05-17 06:39:22,203 [INFO] Fund lookup built: 10 keys
2026-05-17 06:39:22,204 [INFO] ============================================================
2026-05-17 06:39:22,204 [INFO] Enrichment complete. Output saved to: /home/runner/work/Groww-Chatbot/Groww-Chatbot/data/processed/enriched_chunks.json
2026-05-17 06:39:22,204 [INFO] Total chunks enriched : 26
2026-05-17 06:39:22,204 [INFO] Validation warnings   : 0
2026-05-17 06:39:22,205 [INFO] ============================================================
2026-05-18 07:50:52,422 [INFO] ============================================================
2026-05-18 07:50:52,422 [INFO] Phase 1.3 — Metadata Enrichment
2026-05-18 07:50:52,422 [INFO] ============================================================
2026-05-18 07:50:52,423 [INFO] Loaded 26 chunks from chunks.json
2026-05-18 07:50:52,423 [INFO] Loaded 5 fund records from scraped_data.json
2026-05-18 07:50:52,423 [INFO] Fund lookup built: 10 keys
2026-05-18 07:50:52,424 [INFO] ============================================================
2026-05-18 07:50:52,424 [INFO] Enrichment complete. Output saved to: /home/runner/work/Groww-Chatbot/Groww-Chatbot/data/processed/enriched_chunks.json
2026-05-18 07:50:52,424 [INFO] Total chunks enriched : 26
2026-05-18 07:50:52,424 [INFO] Validation warnings   : 0
2026-05-18 07:50:52,424 [INFO] ============================================================
2026-05-19 07:05:17,572 [INFO] ============================================================
2026-05-19 07:05:17,573 [INFO] Phase 1.3 — Metadata Enrichment
2026-05-19 07:05:17,573 [INFO] ============================================================
2026-05-19 07:05:17,573 [INFO] Loaded 26 chunks from chunks.json
2026-05-19 07:05:17,573 [INFO] Loaded 5 fund records from scraped_data.json
2026-05-19 07:05:17,573 [INFO] Fund lookup built: 10 keys
2026-05-19 07:05:17,574 [INFO] ============================================================
2026-05-19 07:05:17,574 [INFO] Enrichment complete. Output saved to: /home/runner/work/Groww-Chatbot/Groww-Chatbot/data/processed/enriched_chunks.json
2026-05-19 07:05:17,574 [INFO] Total chunks enriched : 26
2026-05-19 07:05:17,574 [INFO] Validation warnings   : 0
2026-05-19 07:05:17,574 [INFO] ============================================================
2026-05-20 07:05:24,150 [INFO] ============================================================
2026-05-20 07:05:24,150 [INFO] Phase 1.3 — Metadata Enrichment
2026-05-20 07:05:24,151 [INFO] ============================================================
2026-05-20 07:05:24,151 [INFO] Loaded 26 chunks from chunks.json
2026-05-20 07:05:24,151 [INFO] Loaded 5 fund records from scraped_data.json
2026-05-20 07:05:24,151 [INFO] Fund lookup built: 10 keys
2026-05-20 07:05:24,152 [INFO] ============================================================
2026-05-20 07:05:24,152 [INFO] Enrichment complete. Output saved to: /home/runner/work/Groww-Chatbot/Groww-Chatbot/data/processed/enriched_chunks.json
2026-05-20 07:05:24,152 [INFO] Total chunks enriched : 26
2026-05-20 07:05:24,152 [INFO] Validation warnings   : 0
2026-05-20 07:05:24,152 [INFO] ============================================================
2026-05-21 07:39:11,771 [INFO] ============================================================
2026-05-21 07:39:11,771 [INFO] Phase 1.3 — Metadata Enrichment
2026-05-21 07:39:11,771 [INFO] ============================================================
2026-05-21 07:39:11,771 [INFO] Loaded 26 chunks from chunks.json
2026-05-21 07:39:11,771 [INFO] Loaded 5 fund records from scraped_data.json
2026-05-21 07:39:11,771 [INFO] Fund lookup built: 10 keys
2026-05-21 07:39:11,772 [INFO] ============================================================
2026-05-21 07:39:11,772 [INFO] Enrichment complete. Output saved to: /home/runner/work/Groww-Chatbot/Groww-Chatbot/data/processed/enriched_chunks.json
2026-05-21 07:39:11,773 [INFO] Total chunks enriched : 26
2026-05-21 07:39:11,773 [INFO] Validation warnings   : 0
2026-05-21 07:39:11,773 [INFO] ============================================================
2026-05-22 07:05:35,175 [INFO] ============================================================
2026-05-22 07:05:35,175 [INFO] Phase 1.3 — Metadata Enrichment
2026-05-22 07:05:35,175 [INFO] ============================================================
2026-05-22 07:05:35,175 [INFO] Loaded 26 chunks from chunks.json
2026-05-22 07:05:35,176 [INFO] Loaded 5 fund records from scraped_data.json
2026-05-22 07:05:35,176 [INFO] Fund lookup built: 10 keys
2026-05-22 07:05:35,177 [INFO] ============================================================
2026-05-22 07:05:35,177 [INFO] Enrichment complete. Output saved to: /home/runner/work/Groww-Chatbot/Groww-Chatbot/data/processed/enriched_chunks.json
2026-05-22 07:05:35,177 [INFO] Total chunks enriched : 26
2026-05-22 07:05:35,177 [INFO] Validation warnings   : 0
2026-05-22 07:05:35,177 [INFO] ============================================================
2026-05-23 06:27:14,031 [INFO] ============================================================
2026-05-23 06:27:14,031 [INFO] Phase 1.3 — Metadata Enrichment
2026-05-23 06:27:14,031 [INFO] ============================================================
2026-05-23 06:27:14,032 [INFO] Loaded 26 chunks from chunks.json
2026-05-23 06:27:14,032 [INFO] Loaded 5 fund records from scraped_data.json
2026-05-23 06:27:14,032 [INFO] Fund lookup built: 10 keys
2026-05-23 06:27:14,033 [INFO] ============================================================
2026-05-23 06:27:14,033 [INFO] Enrichment complete. Output saved to: /home/runner/work/Groww-Chatbot/Groww-Chatbot/data/processed/enriched_chunks.json
2026-05-23 06:27:14,033 [INFO] Total chunks enriched : 26
2026-05-23 06:27:14,033 [INFO] Validation warnings   : 0
2026-05-23 06:27:14,033 [INFO] ============================================================
2026-05-24 06:53:57,828 [INFO] ============================================================
2026-05-24 06:53:57,828 [INFO] Phase 1.3 — Metadata Enrichment
2026-05-24 06:53:57,828 [INFO] ============================================================
2026-05-24 06:53:57,829 [INFO] Loaded 26 chunks from chunks.json
2026-05-24 06:53:57,829 [INFO] Loaded 5 fund records from scraped_data.json
2026-05-24 06:53:57,829 [INFO] Fund lookup built: 10 keys
2026-05-24 06:53:57,830 [INFO] ============================================================
2026-05-24 06:53:57,830 [INFO] Enrichment complete. Output saved to: /home/runner/work/Groww-Chatbot/Groww-Chatbot/data/processed/enriched_chunks.json
2026-05-24 06:53:57,830 [INFO] Total chunks enriched : 26
2026-05-24 06:53:57,830 [INFO] Validation warnings   : 0
2026-05-24 06:53:57,830 [INFO] ============================================================
2026-05-25 08:09:43,882 [INFO] ============================================================
2026-05-25 08:09:43,882 [INFO] Phase 1.3 — Metadata Enrichment
2026-05-25 08:09:43,883 [INFO] ============================================================
2026-05-25 08:09:43,883 [INFO] Loaded 26 chunks from chunks.json
2026-05-25 08:09:43,883 [INFO] Loaded 5 fund records from scraped_data.json
2026-05-25 08:09:43,883 [INFO] Fund lookup built: 10 keys
2026-05-25 08:09:43,884 [INFO] ============================================================
2026-05-25 08:09:43,884 [INFO] Enrichment complete. Output saved to: /home/runner/work/Groww-Chatbot/Groww-Chatbot/data/processed/enriched_chunks.json
2026-05-25 08:09:43,884 [INFO] Total chunks enriched : 26
2026-05-25 08:09:43,884 [INFO] Validation warnings   : 0
2026-05-25 08:09:43,884 [INFO] ============================================================
2026-05-26 07:03:49,596 [INFO] ============================================================
2026-05-26 07:03:49,596 [INFO] Phase 1.3 — Metadata Enrichment
2026-05-26 07:03:49,596 [INFO] ============================================================
2026-05-26 07:03:49,597 [INFO] Loaded 26 chunks from chunks.json
2026-05-26 07:03:49,597 [INFO] Loaded 5 fund records from scraped_data.json
2026-05-26 07:03:49,597 [INFO] Fund lookup built: 10 keys
2026-05-26 07:03:49,598 [INFO] ============================================================
2026-05-26 07:03:49,598 [INFO] Enrichment complete. Output saved to: /home/runner/work/Groww-Chatbot/Groww-Chatbot/data/processed/enriched_chunks.json
2026-05-26 07:03:49,598 [INFO] Total chunks enriched : 26
2026-05-26 07:03:49,598 [INFO] Validation warnings   : 0
2026-05-26 07:03:49,598 [INFO] ============================================================
2026-05-27 07:52:18,738 [INFO] ============================================================
2026-05-27 07:52:18,738 [INFO] Phase 1.3 — Metadata Enrichment
2026-05-27 07:52:18,738 [INFO] ============================================================
2026-05-27 07:52:18,738 [INFO] Loaded 26 chunks from chunks.json
2026-05-27 07:52:18,738 [INFO] Loaded 5 fund records from scraped_data.json
2026-05-27 07:52:18,738 [INFO] Fund lookup built: 10 keys
2026-05-27 07:52:18,739 [INFO] ============================================================
2026-05-27 07:52:18,740 [INFO] Enrichment complete. Output saved to: /home/runner/work/Groww-Chatbot/Groww-Chatbot/data/processed/enriched_chunks.json
2026-05-27 07:52:18,740 [INFO] Total chunks enriched : 26
2026-05-27 07:52:18,740 [INFO] Validation warnings   : 0
2026-05-27 07:52:18,740 [INFO] ============================================================
2026-05-28 07:45:33,198 [INFO] ============================================================
2026-05-28 07:45:33,198 [INFO] Phase 1.3 — Metadata Enrichment
2026-05-28 07:45:33,199 [INFO] ============================================================
2026-05-28 07:45:33,199 [INFO] Loaded 26 chunks from chunks.json
2026-05-28 07:45:33,199 [INFO] Loaded 5 fund records from scraped_data.json
2026-05-28 07:45:33,199 [INFO] Fund lookup built: 10 keys
2026-05-28 07:45:33,200 [INFO] ============================================================
2026-05-28 07:45:33,200 [INFO] Enrichment complete. Output saved to: /home/runner/work/Groww-Chatbot/Groww-Chatbot/data/processed/enriched_chunks.json
2026-05-28 07:45:33,200 [INFO] Total chunks enriched : 26
2026-05-28 07:45:33,200 [INFO] Validation warnings   : 0
2026-05-28 07:45:33,200 [INFO] ============================================================
2026-05-29 07:43:36,953 [INFO] ============================================================
2026-05-29 07:43:36,953 [INFO] Phase 1.3 — Metadata Enrichment
2026-05-29 07:43:36,953 [INFO] ============================================================
2026-05-29 07:43:36,953 [INFO] Loaded 26 chunks from chunks.json
2026-05-29 07:43:36,954 [INFO] Loaded 5 fund records from scraped_data.json
2026-05-29 07:43:36,954 [INFO] Fund lookup built: 10 keys
2026-05-29 07:43:36,955 [INFO] ============================================================
2026-05-29 07:43:36,955 [INFO] Enrichment complete. Output saved to: /home/runner/work/Groww-Chatbot/Groww-Chatbot/data/processed/enriched_chunks.json
2026-05-29 07:43:36,955 [INFO] Total chunks enriched : 26
2026-05-29 07:43:36,955 [INFO] Validation warnings   : 0
2026-05-29 07:43:36,955 [INFO] ============================================================
2026-05-30 06:39:55,658 [INFO] ============================================================
2026-05-30 06:39:55,658 [INFO] Phase 1.3 — Metadata Enrichment
2026-05-30 06:39:55,658 [INFO] ============================================================
2026-05-30 06:39:55,658 [INFO] Loaded 26 chunks from chunks.json
2026-05-30 06:39:55,658 [INFO] Loaded 5 fund records from scraped_data.json
2026-05-30 06:39:55,658 [INFO] Fund lookup built: 10 keys
2026-05-30 06:39:55,659 [INFO] ============================================================
2026-05-30 06:39:55,660 [INFO] Enrichment complete. Output saved to: /home/runner/work/Groww-Chatbot/Groww-Chatbot/data/processed/enriched_chunks.json
2026-05-30 06:39:55,660 [INFO] Total chunks enriched : 26
2026-05-30 06:39:55,660 [INFO] Validation warnings   : 0
2026-05-30 06:39:55,660 [INFO] ============================================================
2026-05-31 07:37:07,813 [INFO] ============================================================
2026-05-31 07:37:07,813 [INFO] Phase 1.3 — Metadata Enrichment
2026-05-31 07:37:07,813 [INFO] ============================================================
2026-05-31 07:37:07,814 [INFO] Loaded 26 chunks from chunks.json
2026-05-31 07:37:07,814 [INFO] Loaded 5 fund records from scraped_data.json
2026-05-31 07:37:07,814 [INFO] Fund lookup built: 10 keys
2026-05-31 07:37:07,815 [INFO] ============================================================
2026-05-31 07:37:07,815 [INFO] Enrichment complete. Output saved to: /home/runner/work/Groww-Chatbot/Groww-Chatbot/data/processed/enriched_chunks.json
2026-05-31 07:37:07,815 [INFO] Total chunks enriched : 26
2026-05-31 07:37:07,815 [INFO] Validation warnings   : 0
2026-05-31 07:37:07,815 [INFO] ============================================================
2026-06-01 09:07:24,956 [INFO] ============================================================
2026-06-01 09:07:24,956 [INFO] Phase 1.3 — Metadata Enrichment
2026-06-01 09:07:24,956 [INFO] ============================================================
2026-06-01 09:07:24,957 [INFO] Loaded 26 chunks from chunks.json
2026-06-01 09:07:24,957 [INFO] Loaded 5 fund records from scraped_data.json
2026-06-01 09:07:24,957 [INFO] Fund lookup built: 10 keys
2026-06-01 09:07:24,958 [INFO] ============================================================
2026-06-01 09:07:24,958 [INFO] Enrichment complete. Output saved to: /home/runner/work/Groww-Chatbot/Groww-Chatbot/data/processed/enriched_chunks.json
2026-06-01 09:07:24,958 [INFO] Total chunks enriched : 26
2026-06-01 09:07:24,958 [INFO] Validation warnings   : 0
2026-06-01 09:07:24,958 [INFO] ============================================================
2026-06-02 08:18:03,439 [INFO] ============================================================
2026-06-02 08:18:03,440 [INFO] Phase 1.3 — Metadata Enrichment
2026-06-02 08:18:03,440 [INFO] ============================================================
2026-06-02 08:18:03,440 [INFO] Loaded 26 chunks from chunks.json
2026-06-02 08:18:03,440 [INFO] Loaded 5 fund records from scraped_data.json
2026-06-02 08:18:03,440 [INFO] Fund lookup built: 10 keys
2026-06-02 08:18:03,441 [INFO] ============================================================
2026-06-02 08:18:03,441 [INFO] Enrichment complete. Output saved to: /home/runner/work/Groww-Chatbot/Groww-Chatbot/data/processed/enriched_chunks.json
2026-06-02 08:18:03,441 [INFO] Total chunks enriched : 26
2026-06-02 08:18:03,442 [INFO] Validation warnings   : 0
2026-06-02 08:18:03,442 [INFO] ============================================================
2026-06-03 08:37:51,534 [INFO] ============================================================
2026-06-03 08:37:51,534 [INFO] Phase 1.3 — Metadata Enrichment
2026-06-03 08:37:51,534 [INFO] ============================================================
2026-06-03 08:37:51,534 [INFO] Loaded 26 chunks from chunks.json
2026-06-03 08:37:51,534 [INFO] Loaded 5 fund records from scraped_data.json
2026-06-03 08:37:51,534 [INFO] Fund lookup built: 10 keys
2026-06-03 08:37:51,535 [INFO] ============================================================
2026-06-03 08:37:51,535 [INFO] Enrichment complete. Output saved to: /home/runner/work/Groww-Chatbot/Groww-Chatbot/data/processed/enriched_chunks.json
2026-06-03 08:37:51,535 [INFO] Total chunks enriched : 26
2026-06-03 08:37:51,535 [INFO] Validation warnings   : 0
2026-06-03 08:37:51,535 [INFO] ============================================================
