2026-05-12 22:30:11,839 [INFO] ============================================================
2026-05-12 22:30:11,839 [INFO] Phase 1.4 — Vector Storage (ChromaDB)
2026-05-12 22:30:11,840 [INFO] ============================================================
2026-05-12 22:30:11,847 [INFO] Loaded 26 embedded chunks from embedded_chunks.json
2026-05-12 22:30:11,848 [INFO] Connecting to ChromaDB at: C:\Grow Chatbot\data\vectorstore
2026-05-12 22:30:25,290 [INFO] Collection 'hdfc_mutual_funds' ready (existing docs: 0)
2026-05-12 22:30:25,291 [INFO] Upserting 26 chunks into 'hdfc_mutual_funds'...
2026-05-12 22:30:25,358 [INFO] Upsert complete. Collection now contains 26 documents.
2026-05-12 22:30:25,359 [INFO] Manifest saved to: C:\Grow Chatbot\data\vectorstore\manifest.json
2026-05-12 22:30:25,360 [INFO] ============================================================
2026-05-12 22:30:25,360 [INFO] Vector store ready at : C:\Grow Chatbot\data\vectorstore
2026-05-12 22:30:25,360 [INFO] Collection            : hdfc_mutual_funds
2026-05-12 22:30:25,360 [INFO] Documents ingested    : 26
2026-05-12 22:30:25,361 [INFO] Total in collection   : 26
2026-05-12 22:30:25,361 [INFO] ============================================================
2026-05-12 22:30:40,376 [INFO] Running smoke test queries...
2026-05-12 22:30:40,377 [INFO] Use pytorch device_name: cpu
2026-05-12 22:30:40,377 [INFO] Load pretrained SentenceTransformer: BAAI/bge-small-en
2026-05-12 22:31:43,481 [INFO] ============================================================
2026-05-12 22:31:43,481 [INFO] Phase 1.4 — Vector Storage (ChromaDB)
2026-05-12 22:31:43,482 [INFO] ============================================================
2026-05-12 22:31:43,487 [INFO] Loaded 26 embedded chunks from embedded_chunks.json
2026-05-12 22:31:43,487 [INFO] Connecting to ChromaDB at: C:\Grow Chatbot\data\vectorstore
2026-05-12 22:31:43,662 [INFO] Collection 'hdfc_mutual_funds' ready (existing docs: 26)
2026-05-12 22:31:43,662 [INFO] Upserting 26 chunks into 'hdfc_mutual_funds'...
2026-05-12 22:31:43,699 [INFO] Upsert complete. Collection now contains 26 documents.
2026-05-12 22:31:43,701 [INFO] Manifest saved to: C:\Grow Chatbot\data\vectorstore\manifest.json
2026-05-12 22:31:43,701 [INFO] ============================================================
2026-05-12 22:31:43,701 [INFO] Vector store ready at : C:\Grow Chatbot\data\vectorstore
2026-05-12 22:31:43,702 [INFO] Collection            : hdfc_mutual_funds
2026-05-12 22:31:43,702 [INFO] Documents ingested    : 26
2026-05-12 22:31:43,702 [INFO] Total in collection   : 26
2026-05-12 22:31:43,702 [INFO] ============================================================
2026-05-12 22:31:48,809 [INFO] Running smoke test queries...
2026-05-12 22:31:48,810 [INFO] Use pytorch device_name: cpu
2026-05-12 22:31:48,810 [INFO] Load pretrained SentenceTransformer: BAAI/bge-small-en
2026-05-13 12:07:50,754 [INFO] ============================================================
2026-05-13 12:07:50,756 [INFO] Phase 1.4 — Vector Storage (ChromaDB)
2026-05-13 12:07:50,756 [INFO] ============================================================
2026-05-13 12:07:50,765 [INFO] Loaded 26 embedded chunks from embedded_chunks.json
2026-05-13 12:07:50,765 [INFO] Connecting to ChromaDB at: C:\Grow Chatbot\data\vectorstore
2026-05-13 12:07:51,125 [INFO] Collection 'hdfc_mutual_funds' ready (existing docs: 26)
2026-05-13 12:07:51,125 [INFO] Upserting 26 chunks into 'hdfc_mutual_funds'...
2026-05-13 12:07:51,184 [INFO] Upsert complete. Collection now contains 36 documents.
2026-05-13 12:07:51,186 [INFO] Manifest saved to: C:\Grow Chatbot\data\vectorstore\manifest.json
2026-05-13 12:07:51,186 [INFO] ============================================================
2026-05-13 12:07:51,187 [INFO] Vector store ready at : C:\Grow Chatbot\data\vectorstore
2026-05-13 12:07:51,187 [INFO] Collection            : hdfc_mutual_funds
2026-05-13 12:07:51,187 [INFO] Documents ingested    : 26
2026-05-13 12:07:51,187 [INFO] Total in collection   : 36
2026-05-13 12:07:51,187 [INFO] ============================================================
2026-05-13 12:07:56,493 [INFO] Running smoke test queries...
2026-05-13 12:07:56,494 [INFO] Use pytorch device_name: cpu
2026-05-13 12:07:56,494 [INFO] Load pretrained SentenceTransformer: BAAI/bge-small-en
2026-05-13 12:18:32,501 [INFO] ============================================================
2026-05-13 12:18:32,501 [INFO] Phase 1.4 — Vector Storage (ChromaDB)
2026-05-13 12:18:32,501 [INFO] ============================================================
2026-05-13 12:18:32,508 [INFO] Loaded 26 embedded chunks from embedded_chunks.json
2026-05-13 12:18:32,508 [INFO] Connecting to ChromaDB at: C:\Grow Chatbot\data\vectorstore
2026-05-13 12:18:32,768 [INFO] Collection 'hdfc_mutual_funds' ready (existing docs: 0)
2026-05-13 12:18:32,768 [INFO] Upserting 26 chunks into 'hdfc_mutual_funds'...
2026-05-13 12:18:32,884 [INFO] Upsert complete. Collection now contains 26 documents.
2026-05-13 12:18:32,888 [INFO] Manifest saved to: C:\Grow Chatbot\data\vectorstore\manifest.json
2026-05-13 12:18:32,889 [INFO] ============================================================
2026-05-13 12:18:32,889 [INFO] Vector store ready at : C:\Grow Chatbot\data\vectorstore
2026-05-13 12:18:32,889 [INFO] Collection            : hdfc_mutual_funds
2026-05-13 12:18:32,889 [INFO] Documents ingested    : 26
2026-05-13 12:18:32,889 [INFO] Total in collection   : 26
2026-05-13 12:18:32,889 [INFO] ============================================================
2026-05-13 12:18:52,772 [INFO] Running smoke test queries...
2026-05-13 12:18:52,775 [INFO] Use pytorch device_name: cpu
2026-05-13 12:18:52,776 [INFO] Load pretrained SentenceTransformer: BAAI/bge-small-en
2026-05-13 13:11:05,025 [INFO] ============================================================
2026-05-13 13:11:05,026 [INFO] Phase 1.4 — Vector Storage (ChromaDB)
2026-05-13 13:11:05,026 [INFO] ============================================================
2026-05-13 13:11:05,038 [INFO] Loaded 26 embedded chunks from embedded_chunks.json
2026-05-13 13:11:05,039 [INFO] Connecting to ChromaDB at: C:\Grow Chatbot\data\vectorstore
2026-05-13 13:11:05,663 [INFO] Collection 'hdfc_mutual_funds' ready (existing docs: 26)
2026-05-13 13:11:05,664 [INFO] Upserting 26 chunks into 'hdfc_mutual_funds'...
2026-05-13 13:11:05,842 [INFO] Upsert complete. Collection now contains 26 documents.
2026-05-13 13:11:05,843 [INFO] Manifest saved to: C:\Grow Chatbot\data\vectorstore\manifest.json
2026-05-13 13:11:05,844 [INFO] ============================================================
2026-05-13 13:11:05,844 [INFO] Vector store ready at : C:\Grow Chatbot\data\vectorstore
2026-05-13 13:11:05,844 [INFO] Collection            : hdfc_mutual_funds
2026-05-13 13:11:05,844 [INFO] Documents ingested    : 26
2026-05-13 13:11:05,844 [INFO] Total in collection   : 26
2026-05-13 13:11:05,845 [INFO] ============================================================
2026-05-13 13:11:27,357 [INFO] Running smoke test queries...
2026-05-13 13:11:27,361 [INFO] Use pytorch device_name: cpu
2026-05-13 13:11:27,361 [INFO] Load pretrained SentenceTransformer: BAAI/bge-small-en
2026-05-13 13:11:44,609 [INFO] ============================================================
2026-05-13 13:11:44,609 [INFO] Phase 1.4 — Vector Storage (ChromaDB)
2026-05-13 13:11:44,609 [INFO] ============================================================
2026-05-13 13:11:44,617 [INFO] Loaded 26 embedded chunks from embedded_chunks.json
2026-05-13 13:11:44,617 [INFO] Connecting to ChromaDB at: C:\Grow Chatbot\data\vectorstore
2026-05-13 13:11:44,872 [INFO] Collection 'hdfc_mutual_funds' ready (existing docs: 26)
2026-05-13 13:11:44,873 [INFO] Upserting 26 chunks into 'hdfc_mutual_funds'...
2026-05-13 13:11:44,950 [INFO] Upsert complete. Collection now contains 26 documents.
2026-05-13 13:11:44,954 [INFO] Manifest saved to: C:\Grow Chatbot\data\vectorstore\manifest.json
2026-05-13 13:11:44,954 [INFO] ============================================================
2026-05-13 13:11:44,954 [INFO] Vector store ready at : C:\Grow Chatbot\data\vectorstore
2026-05-13 13:11:44,954 [INFO] Collection            : hdfc_mutual_funds
2026-05-13 13:11:44,954 [INFO] Documents ingested    : 26
2026-05-13 13:11:44,955 [INFO] Total in collection   : 26
2026-05-13 13:11:44,955 [INFO] ============================================================
2026-05-13 13:12:05,571 [INFO] Running smoke test queries...
2026-05-13 13:12:05,574 [INFO] Use pytorch device_name: cpu
2026-05-13 13:12:05,575 [INFO] Load pretrained SentenceTransformer: BAAI/bge-small-en
2026-05-13 21:27:50,242 [INFO] ============================================================
2026-05-13 21:27:50,243 [INFO] Phase 1.4 — Vector Storage (ChromaDB)
2026-05-13 21:27:50,243 [INFO] ============================================================
2026-05-13 21:27:50,247 [INFO] Loaded 26 embedded chunks from embedded_chunks.json
2026-05-13 21:27:50,247 [INFO] Connecting to ChromaDB at: C:\Grow Chatbot\data\vectorstore
2026-05-13 21:27:50,490 [INFO] Collection 'hdfc_mutual_funds' ready (existing docs: 26)
2026-05-13 21:27:50,490 [INFO] Upserting 26 chunks into 'hdfc_mutual_funds'...
2026-05-13 21:27:50,522 [INFO] Upsert complete. Collection now contains 26 documents.
2026-05-13 21:27:50,524 [INFO] Manifest saved to: C:\Grow Chatbot\data\vectorstore\manifest.json
2026-05-13 21:27:50,524 [INFO] ============================================================
2026-05-13 21:27:50,524 [INFO] Vector store ready at : C:\Grow Chatbot\data\vectorstore
2026-05-13 21:27:50,524 [INFO] Collection            : hdfc_mutual_funds
2026-05-13 21:27:50,524 [INFO] Documents ingested    : 26
2026-05-13 21:27:50,525 [INFO] Total in collection   : 26
2026-05-13 21:27:50,525 [INFO] ============================================================
2026-05-13 21:27:54,324 [INFO] Running smoke test queries...
2026-05-13 21:27:54,324 [INFO] Use pytorch device_name: cpu
2026-05-13 21:27:54,324 [INFO] Load pretrained SentenceTransformer: BAAI/bge-small-en
2026-05-13 21:28:54,829 [INFO] ============================================================
2026-05-13 21:28:54,829 [INFO] Phase 1.4 — Vector Storage (ChromaDB)
2026-05-13 21:28:54,830 [INFO] ============================================================
2026-05-13 21:28:54,835 [INFO] Loaded 26 embedded chunks from embedded_chunks.json
2026-05-13 21:28:54,835 [INFO] Connecting to ChromaDB at: C:\Grow Chatbot\data\vectorstore
2026-05-13 21:28:54,975 [INFO] Collection 'hdfc_mutual_funds' ready (existing docs: 26)
2026-05-13 21:28:54,976 [INFO] Upserting 26 chunks into 'hdfc_mutual_funds'...
2026-05-13 21:28:55,005 [INFO] Upsert complete. Collection now contains 26 documents.
2026-05-13 21:28:55,006 [INFO] Manifest saved to: C:\Grow Chatbot\data\vectorstore\manifest.json
2026-05-13 21:28:55,006 [INFO] ============================================================
2026-05-13 21:28:55,006 [INFO] Vector store ready at : C:\Grow Chatbot\data\vectorstore
2026-05-13 21:28:55,006 [INFO] Collection            : hdfc_mutual_funds
2026-05-13 21:28:55,006 [INFO] Documents ingested    : 26
2026-05-13 21:28:55,006 [INFO] Total in collection   : 26
2026-05-13 21:28:55,006 [INFO] ============================================================
2026-05-13 21:28:58,722 [INFO] Running smoke test queries...
2026-05-13 21:28:58,722 [INFO] Use pytorch device_name: cpu
2026-05-13 21:28:58,722 [INFO] Load pretrained SentenceTransformer: BAAI/bge-small-en
2026-05-13 21:32:17,872 [INFO] ============================================================
2026-05-13 21:32:17,872 [INFO] Phase 1.4 — Vector Storage (ChromaDB)
2026-05-13 21:32:17,872 [INFO] ============================================================
2026-05-13 21:32:17,879 [INFO] Loaded 26 embedded chunks from embedded_chunks.json
2026-05-13 21:32:17,879 [INFO] Connecting to ChromaDB at: C:\Grow Chatbot\data\vectorstore
2026-05-13 21:32:18,052 [INFO] Collection 'hdfc_mutual_funds' ready (existing docs: 26)
2026-05-13 21:32:18,053 [INFO] Upserting 26 chunks into 'hdfc_mutual_funds'...
2026-05-13 21:32:18,089 [INFO] Upsert complete. Collection now contains 26 documents.
2026-05-13 21:32:18,089 [INFO] Manifest saved to: C:\Grow Chatbot\data\vectorstore\manifest.json
2026-05-13 21:32:18,089 [INFO] ============================================================
2026-05-13 21:32:18,089 [INFO] Vector store ready at : C:\Grow Chatbot\data\vectorstore
2026-05-13 21:32:18,089 [INFO] Collection            : hdfc_mutual_funds
2026-05-13 21:32:18,089 [INFO] Documents ingested    : 26
2026-05-13 21:32:18,089 [INFO] Total in collection   : 26
2026-05-13 21:32:18,089 [INFO] ============================================================
2026-05-13 21:32:28,283 [INFO] Running smoke test queries...
2026-05-13 21:32:28,287 [INFO] Use pytorch device_name: cpu
2026-05-13 21:32:28,288 [INFO] Load pretrained SentenceTransformer: BAAI/bge-small-en
2026-05-15 06:50:17,399 [INFO] ============================================================
2026-05-15 06:50:17,399 [INFO] Phase 1.4 — Vector Storage (ChromaDB)
2026-05-15 06:50:17,399 [INFO] ============================================================
2026-05-15 06:50:17,404 [INFO] Loaded 26 embedded chunks from embedded_chunks.json
2026-05-15 06:50:17,404 [INFO] Connecting to ChromaDB at: /home/runner/work/Groww-Chatbot/Groww-Chatbot/data/vectorstore
2026-05-15 06:50:17,506 [INFO] Collection 'hdfc_mutual_funds' ready (existing docs: 0)
2026-05-15 06:50:17,506 [INFO] Upserting 26 chunks into 'hdfc_mutual_funds'...
2026-05-15 06:50:17,530 [INFO] Upsert complete. Collection now contains 26 documents.
2026-05-15 06:50:17,531 [INFO] Manifest saved to: /home/runner/work/Groww-Chatbot/Groww-Chatbot/data/vectorstore/manifest.json
2026-05-15 06:50:17,531 [INFO] ============================================================
2026-05-15 06:50:17,531 [INFO] Vector store ready at : /home/runner/work/Groww-Chatbot/Groww-Chatbot/data/vectorstore
2026-05-15 06:50:17,531 [INFO] Collection            : hdfc_mutual_funds
2026-05-15 06:50:17,531 [INFO] Documents ingested    : 26
2026-05-15 06:50:17,531 [INFO] Total in collection   : 26
2026-05-15 06:50:17,531 [INFO] ============================================================
2026-05-15 06:50:21,410 [INFO] Running smoke test queries...
2026-05-15 06:50:21,410 [INFO] Use pytorch device_name: cpu
2026-05-15 06:50:21,410 [INFO] Load pretrained SentenceTransformer: BAAI/bge-small-en
2026-05-16 06:15:37,115 [INFO] ============================================================
2026-05-16 06:15:37,115 [INFO] Phase 1.4 — Vector Storage (ChromaDB)
2026-05-16 06:15:37,115 [INFO] ============================================================
2026-05-16 06:15:37,215 [INFO] Bootstrapping ChromaDB from embedded_chunks.json …
2026-05-16 06:15:37,228 [INFO] Collection 'hdfc_mutual_funds' ready (existing docs: 0)
2026-05-16 06:15:37,228 [INFO] Upserting 26 chunks into 'hdfc_mutual_funds'...
2026-05-16 06:15:37,252 [INFO] Upsert complete. Collection now contains 26 documents.
2026-05-16 06:15:37,252 [INFO] Manifest saved to: /home/runner/work/Groww-Chatbot/Groww-Chatbot/data/vectorstore/manifest.json
2026-05-16 06:15:37,252 [INFO] Vector store bootstrap complete: 26 documents.
2026-05-16 06:15:41,186 [INFO] Running smoke test queries...
2026-05-16 06:15:41,187 [INFO] Use pytorch device_name: cpu
2026-05-16 06:15:41,187 [INFO] Load pretrained SentenceTransformer: BAAI/bge-small-en
2026-05-16 06:15:41,956 [INFO] ============================================================
2026-05-16 06:15:41,956 [INFO] Vector store ready at : /home/runner/work/Groww-Chatbot/Groww-Chatbot/data/vectorstore
2026-05-16 06:15:41,956 [INFO] Collection            : hdfc_mutual_funds
2026-05-16 06:15:41,956 [INFO] Total in collection   : 26
2026-05-16 06:15:41,956 [INFO] ============================================================
2026-05-17 06:39:31,863 [INFO] ============================================================
2026-05-17 06:39:31,863 [INFO] Phase 1.4 — Vector Storage (ChromaDB)
2026-05-17 06:39:31,863 [INFO] ============================================================
2026-05-17 06:39:31,956 [INFO] Bootstrapping ChromaDB from embedded_chunks.json …
2026-05-17 06:39:31,968 [INFO] Collection 'hdfc_mutual_funds' ready (existing docs: 0)
2026-05-17 06:39:31,969 [INFO] Upserting 26 chunks into 'hdfc_mutual_funds'...
2026-05-17 06:39:31,991 [INFO] Upsert complete. Collection now contains 26 documents.
2026-05-17 06:39:31,991 [INFO] Manifest saved to: /home/runner/work/Groww-Chatbot/Groww-Chatbot/data/vectorstore/manifest.json
2026-05-17 06:39:31,991 [INFO] Vector store bootstrap complete: 26 documents.
2026-05-17 06:39:35,863 [INFO] Running smoke test queries...
2026-05-17 06:39:35,864 [INFO] Use pytorch device_name: cpu
2026-05-17 06:39:35,864 [INFO] Load pretrained SentenceTransformer: BAAI/bge-small-en
2026-05-17 06:39:36,587 [INFO] ============================================================
2026-05-17 06:39:36,587 [INFO] Vector store ready at : /home/runner/work/Groww-Chatbot/Groww-Chatbot/data/vectorstore
2026-05-17 06:39:36,588 [INFO] Collection            : hdfc_mutual_funds
2026-05-17 06:39:36,588 [INFO] Total in collection   : 26
2026-05-17 06:39:36,588 [INFO] ============================================================
2026-05-18 07:51:01,035 [INFO] ============================================================
2026-05-18 07:51:01,035 [INFO] Phase 1.4 — Vector Storage (ChromaDB)
2026-05-18 07:51:01,035 [INFO] ============================================================
2026-05-18 07:51:01,135 [INFO] Bootstrapping ChromaDB from embedded_chunks.json …
2026-05-18 07:51:01,147 [INFO] Collection 'hdfc_mutual_funds' ready (existing docs: 0)
2026-05-18 07:51:01,147 [INFO] Upserting 26 chunks into 'hdfc_mutual_funds'...
2026-05-18 07:51:01,169 [INFO] Upsert complete. Collection now contains 26 documents.
2026-05-18 07:51:01,169 [INFO] Manifest saved to: /home/runner/work/Groww-Chatbot/Groww-Chatbot/data/vectorstore/manifest.json
2026-05-18 07:51:01,169 [INFO] Vector store bootstrap complete: 26 documents.
2026-05-18 07:51:05,167 [INFO] Running smoke test queries...
2026-05-18 07:51:05,168 [INFO] Use pytorch device_name: cpu
2026-05-18 07:51:05,168 [INFO] Load pretrained SentenceTransformer: BAAI/bge-small-en
2026-05-18 07:51:05,657 [INFO] ============================================================
2026-05-18 07:51:05,657 [INFO] Vector store ready at : /home/runner/work/Groww-Chatbot/Groww-Chatbot/data/vectorstore
2026-05-18 07:51:05,657 [INFO] Collection            : hdfc_mutual_funds
2026-05-18 07:51:05,657 [INFO] Total in collection   : 26
2026-05-18 07:51:05,658 [INFO] ============================================================
2026-05-19 07:05:28,474 [INFO] ============================================================
2026-05-19 07:05:28,474 [INFO] Phase 1.4 — Vector Storage (ChromaDB)
2026-05-19 07:05:28,474 [INFO] ============================================================
2026-05-19 07:05:28,573 [INFO] Bootstrapping ChromaDB from embedded_chunks.json …
2026-05-19 07:05:28,585 [INFO] Collection 'hdfc_mutual_funds' ready (existing docs: 0)
2026-05-19 07:05:28,585 [INFO] Upserting 26 chunks into 'hdfc_mutual_funds'...
2026-05-19 07:05:28,607 [INFO] Upsert complete. Collection now contains 26 documents.
2026-05-19 07:05:28,607 [INFO] Manifest saved to: /home/runner/work/Groww-Chatbot/Groww-Chatbot/data/vectorstore/manifest.json
2026-05-19 07:05:28,607 [INFO] Vector store bootstrap complete: 26 documents.
2026-05-19 07:05:32,712 [INFO] Running smoke test queries...
2026-05-19 07:05:32,713 [INFO] Use pytorch device_name: cpu
2026-05-19 07:05:32,713 [INFO] Load pretrained SentenceTransformer: BAAI/bge-small-en
2026-05-19 07:05:33,899 [INFO] ============================================================
2026-05-19 07:05:33,899 [INFO] Vector store ready at : /home/runner/work/Groww-Chatbot/Groww-Chatbot/data/vectorstore
2026-05-19 07:05:33,900 [INFO] Collection            : hdfc_mutual_funds
2026-05-19 07:05:33,900 [INFO] Total in collection   : 26
2026-05-19 07:05:33,900 [INFO] ============================================================
2026-05-20 07:05:35,499 [INFO] ============================================================
2026-05-20 07:05:35,500 [INFO] Phase 1.4 — Vector Storage (ChromaDB)
2026-05-20 07:05:35,500 [INFO] ============================================================
2026-05-20 07:05:35,590 [INFO] Bootstrapping ChromaDB from embedded_chunks.json …
2026-05-20 07:05:35,602 [INFO] Collection 'hdfc_mutual_funds' ready (existing docs: 0)
2026-05-20 07:05:35,603 [INFO] Upserting 26 chunks into 'hdfc_mutual_funds'...
2026-05-20 07:05:35,626 [INFO] Upsert complete. Collection now contains 26 documents.
2026-05-20 07:05:35,626 [INFO] Manifest saved to: /home/runner/work/Groww-Chatbot/Groww-Chatbot/data/vectorstore/manifest.json
2026-05-20 07:05:35,626 [INFO] Vector store bootstrap complete: 26 documents.
2026-05-20 07:05:39,677 [INFO] Running smoke test queries...
2026-05-20 07:05:39,677 [INFO] Use pytorch device_name: cpu
2026-05-20 07:05:39,677 [INFO] Load pretrained SentenceTransformer: BAAI/bge-small-en
2026-05-20 07:05:41,138 [INFO] ============================================================
2026-05-20 07:05:41,138 [INFO] Vector store ready at : /home/runner/work/Groww-Chatbot/Groww-Chatbot/data/vectorstore
2026-05-20 07:05:41,138 [INFO] Collection            : hdfc_mutual_funds
2026-05-20 07:05:41,138 [INFO] Total in collection   : 26
2026-05-20 07:05:41,138 [INFO] ============================================================
2026-05-21 07:39:21,756 [INFO] ============================================================
2026-05-21 07:39:21,756 [INFO] Phase 1.4 — Vector Storage (ChromaDB)
2026-05-21 07:39:21,756 [INFO] ============================================================
2026-05-21 07:39:21,848 [INFO] Bootstrapping ChromaDB from embedded_chunks.json …
2026-05-21 07:39:21,861 [INFO] Collection 'hdfc_mutual_funds' ready (existing docs: 0)
2026-05-21 07:39:21,861 [INFO] Upserting 26 chunks into 'hdfc_mutual_funds'...
2026-05-21 07:39:21,884 [INFO] Upsert complete. Collection now contains 26 documents.
2026-05-21 07:39:21,884 [INFO] Manifest saved to: /home/runner/work/Groww-Chatbot/Groww-Chatbot/data/vectorstore/manifest.json
2026-05-21 07:39:21,884 [INFO] Vector store bootstrap complete: 26 documents.
2026-05-21 07:39:25,830 [INFO] Running smoke test queries...
2026-05-21 07:39:25,831 [INFO] Use pytorch device_name: cpu
2026-05-21 07:39:25,831 [INFO] Load pretrained SentenceTransformer: BAAI/bge-small-en
2026-05-21 07:39:26,398 [INFO] ============================================================
2026-05-21 07:39:26,398 [INFO] Vector store ready at : /home/runner/work/Groww-Chatbot/Groww-Chatbot/data/vectorstore
2026-05-21 07:39:26,398 [INFO] Collection            : hdfc_mutual_funds
2026-05-21 07:39:26,399 [INFO] Total in collection   : 26
2026-05-21 07:39:26,399 [INFO] ============================================================
2026-05-22 07:05:46,763 [INFO] ============================================================
2026-05-22 07:05:46,763 [INFO] Phase 1.4 — Vector Storage (ChromaDB)
2026-05-22 07:05:46,763 [INFO] ============================================================
2026-05-22 07:05:46,855 [INFO] Bootstrapping ChromaDB from embedded_chunks.json …
2026-05-22 07:05:46,868 [INFO] Collection 'hdfc_mutual_funds' ready (existing docs: 0)
2026-05-22 07:05:46,868 [INFO] Upserting 26 chunks into 'hdfc_mutual_funds'...
2026-05-22 07:05:46,891 [INFO] Upsert complete. Collection now contains 26 documents.
2026-05-22 07:05:46,892 [INFO] Manifest saved to: /home/runner/work/Groww-Chatbot/Groww-Chatbot/data/vectorstore/manifest.json
2026-05-22 07:05:46,892 [INFO] Vector store bootstrap complete: 26 documents.
2026-05-22 07:05:50,783 [INFO] Running smoke test queries...
2026-05-22 07:05:50,784 [INFO] Use pytorch device_name: cpu
2026-05-22 07:05:50,784 [INFO] Load pretrained SentenceTransformer: BAAI/bge-small-en
2026-05-22 07:05:52,347 [INFO] ============================================================
2026-05-22 07:05:52,347 [INFO] Vector store ready at : /home/runner/work/Groww-Chatbot/Groww-Chatbot/data/vectorstore
2026-05-22 07:05:52,347 [INFO] Collection            : hdfc_mutual_funds
2026-05-22 07:05:52,347 [INFO] Total in collection   : 26
2026-05-22 07:05:52,348 [INFO] ============================================================
2026-05-23 06:27:23,497 [INFO] ============================================================
2026-05-23 06:27:23,497 [INFO] Phase 1.4 — Vector Storage (ChromaDB)
2026-05-23 06:27:23,497 [INFO] ============================================================
2026-05-23 06:27:23,589 [INFO] Bootstrapping ChromaDB from embedded_chunks.json …
2026-05-23 06:27:23,610 [INFO] Collection 'hdfc_mutual_funds' ready (existing docs: 0)
2026-05-23 06:27:23,610 [INFO] Upserting 26 chunks into 'hdfc_mutual_funds'...
2026-05-23 06:27:23,630 [INFO] Upsert complete. Collection now contains 26 documents.
2026-05-23 06:27:23,631 [INFO] Manifest saved to: /home/runner/work/Groww-Chatbot/Groww-Chatbot/data/vectorstore/manifest.json
2026-05-23 06:27:23,631 [INFO] Vector store bootstrap complete: 26 documents.
2026-05-23 06:27:27,463 [INFO] Running smoke test queries...
2026-05-23 06:27:27,463 [INFO] Use pytorch device_name: cpu
2026-05-23 06:27:27,463 [INFO] Load pretrained SentenceTransformer: BAAI/bge-small-en
2026-05-23 06:27:27,970 [INFO] ============================================================
2026-05-23 06:27:27,970 [INFO] Vector store ready at : /home/runner/work/Groww-Chatbot/Groww-Chatbot/data/vectorstore
2026-05-23 06:27:27,970 [INFO] Collection            : hdfc_mutual_funds
2026-05-23 06:27:27,971 [INFO] Total in collection   : 26
2026-05-23 06:27:27,971 [INFO] ============================================================
2026-05-24 06:54:07,418 [INFO] ============================================================
2026-05-24 06:54:07,418 [INFO] Phase 1.4 — Vector Storage (ChromaDB)
2026-05-24 06:54:07,418 [INFO] ============================================================
2026-05-24 06:54:07,516 [INFO] Bootstrapping ChromaDB from embedded_chunks.json …
2026-05-24 06:54:07,536 [INFO] Collection 'hdfc_mutual_funds' ready (existing docs: 0)
2026-05-24 06:54:07,536 [INFO] Upserting 26 chunks into 'hdfc_mutual_funds'...
2026-05-24 06:54:07,560 [INFO] Upsert complete. Collection now contains 26 documents.
2026-05-24 06:54:07,560 [INFO] Manifest saved to: /home/runner/work/Groww-Chatbot/Groww-Chatbot/data/vectorstore/manifest.json
2026-05-24 06:54:07,560 [INFO] Vector store bootstrap complete: 26 documents.
2026-05-24 06:54:11,738 [INFO] Running smoke test queries...
2026-05-24 06:54:11,739 [INFO] Use pytorch device_name: cpu
2026-05-24 06:54:11,739 [INFO] Load pretrained SentenceTransformer: BAAI/bge-small-en
2026-05-24 06:54:12,368 [INFO] ============================================================
2026-05-24 06:54:12,368 [INFO] Vector store ready at : /home/runner/work/Groww-Chatbot/Groww-Chatbot/data/vectorstore
2026-05-24 06:54:12,368 [INFO] Collection            : hdfc_mutual_funds
2026-05-24 06:54:12,368 [INFO] Total in collection   : 26
2026-05-24 06:54:12,369 [INFO] ============================================================
2026-05-25 08:09:54,612 [INFO] ============================================================
2026-05-25 08:09:54,613 [INFO] Phase 1.4 — Vector Storage (ChromaDB)
2026-05-25 08:09:54,613 [INFO] ============================================================
2026-05-25 08:09:54,701 [INFO] Bootstrapping ChromaDB from embedded_chunks.json …
2026-05-25 08:09:54,713 [INFO] Collection 'hdfc_mutual_funds' ready (existing docs: 0)
2026-05-25 08:09:54,713 [INFO] Upserting 26 chunks into 'hdfc_mutual_funds'...
2026-05-25 08:09:54,735 [INFO] Upsert complete. Collection now contains 26 documents.
2026-05-25 08:09:54,735 [INFO] Manifest saved to: /home/runner/work/Groww-Chatbot/Groww-Chatbot/data/vectorstore/manifest.json
2026-05-25 08:09:54,735 [INFO] Vector store bootstrap complete: 26 documents.
2026-05-25 08:09:58,776 [INFO] Running smoke test queries...
2026-05-25 08:09:58,777 [INFO] Use pytorch device_name: cpu
2026-05-25 08:09:58,777 [INFO] Load pretrained SentenceTransformer: BAAI/bge-small-en
2026-05-25 08:09:59,904 [INFO] ============================================================
2026-05-25 08:09:59,904 [INFO] Vector store ready at : /home/runner/work/Groww-Chatbot/Groww-Chatbot/data/vectorstore
2026-05-25 08:09:59,904 [INFO] Collection            : hdfc_mutual_funds
2026-05-25 08:09:59,904 [INFO] Total in collection   : 26
2026-05-25 08:09:59,904 [INFO] ============================================================
2026-05-26 07:03:59,891 [INFO] ============================================================
2026-05-26 07:03:59,891 [INFO] Phase 1.4 — Vector Storage (ChromaDB)
2026-05-26 07:03:59,891 [INFO] ============================================================
2026-05-26 07:03:59,981 [INFO] Bootstrapping ChromaDB from embedded_chunks.json …
2026-05-26 07:03:59,994 [INFO] Collection 'hdfc_mutual_funds' ready (existing docs: 0)
2026-05-26 07:03:59,994 [INFO] Upserting 26 chunks into 'hdfc_mutual_funds'...
2026-05-26 07:04:00,018 [INFO] Upsert complete. Collection now contains 26 documents.
2026-05-26 07:04:00,018 [INFO] Manifest saved to: /home/runner/work/Groww-Chatbot/Groww-Chatbot/data/vectorstore/manifest.json
2026-05-26 07:04:00,019 [INFO] Vector store bootstrap complete: 26 documents.
2026-05-26 07:04:04,131 [INFO] Running smoke test queries...
2026-05-26 07:04:04,132 [INFO] Use pytorch device_name: cpu
2026-05-26 07:04:04,132 [INFO] Load pretrained SentenceTransformer: BAAI/bge-small-en
2026-05-26 07:04:05,566 [INFO] ============================================================
2026-05-26 07:04:05,566 [INFO] Vector store ready at : /home/runner/work/Groww-Chatbot/Groww-Chatbot/data/vectorstore
2026-05-26 07:04:05,566 [INFO] Collection            : hdfc_mutual_funds
2026-05-26 07:04:05,566 [INFO] Total in collection   : 26
2026-05-26 07:04:05,567 [INFO] ============================================================
2026-05-27 07:52:28,312 [INFO] ============================================================
2026-05-27 07:52:28,312 [INFO] Phase 1.4 — Vector Storage (ChromaDB)
2026-05-27 07:52:28,312 [INFO] ============================================================
2026-05-27 07:52:28,410 [INFO] Bootstrapping ChromaDB from embedded_chunks.json …
2026-05-27 07:52:28,423 [INFO] Collection 'hdfc_mutual_funds' ready (existing docs: 0)
2026-05-27 07:52:28,423 [INFO] Upserting 26 chunks into 'hdfc_mutual_funds'...
2026-05-27 07:52:28,448 [INFO] Upsert complete. Collection now contains 26 documents.
2026-05-27 07:52:28,449 [INFO] Manifest saved to: /home/runner/work/Groww-Chatbot/Groww-Chatbot/data/vectorstore/manifest.json
2026-05-27 07:52:28,449 [INFO] Vector store bootstrap complete: 26 documents.
2026-05-27 07:52:32,442 [INFO] Running smoke test queries...
2026-05-27 07:52:32,443 [INFO] Use pytorch device_name: cpu
2026-05-27 07:52:32,443 [INFO] Load pretrained SentenceTransformer: BAAI/bge-small-en
2026-05-27 07:52:33,168 [INFO] ============================================================
2026-05-27 07:52:33,168 [INFO] Vector store ready at : /home/runner/work/Groww-Chatbot/Groww-Chatbot/data/vectorstore
2026-05-27 07:52:33,168 [INFO] Collection            : hdfc_mutual_funds
2026-05-27 07:52:33,168 [INFO] Total in collection   : 26
2026-05-27 07:52:33,168 [INFO] ============================================================
2026-05-28 07:45:42,065 [INFO] ============================================================
2026-05-28 07:45:42,066 [INFO] Phase 1.4 — Vector Storage (ChromaDB)
2026-05-28 07:45:42,066 [INFO] ============================================================
2026-05-28 07:45:42,150 [INFO] Bootstrapping ChromaDB from embedded_chunks.json …
2026-05-28 07:45:42,161 [INFO] Collection 'hdfc_mutual_funds' ready (existing docs: 0)
2026-05-28 07:45:42,162 [INFO] Upserting 26 chunks into 'hdfc_mutual_funds'...
2026-05-28 07:45:42,180 [INFO] Upsert complete. Collection now contains 26 documents.
2026-05-28 07:45:42,181 [INFO] Manifest saved to: /home/runner/work/Groww-Chatbot/Groww-Chatbot/data/vectorstore/manifest.json
2026-05-28 07:45:42,181 [INFO] Vector store bootstrap complete: 26 documents.
2026-05-28 07:45:45,597 [INFO] Running smoke test queries...
2026-05-28 07:45:45,597 [INFO] Use pytorch device_name: cpu
2026-05-28 07:45:45,597 [INFO] Load pretrained SentenceTransformer: BAAI/bge-small-en
2026-05-28 07:45:46,512 [INFO] ============================================================
2026-05-28 07:45:46,512 [INFO] Vector store ready at : /home/runner/work/Groww-Chatbot/Groww-Chatbot/data/vectorstore
2026-05-28 07:45:46,512 [INFO] Collection            : hdfc_mutual_funds
2026-05-28 07:45:46,513 [INFO] Total in collection   : 26
2026-05-28 07:45:46,513 [INFO] ============================================================
2026-05-29 07:43:49,306 [INFO] ============================================================
2026-05-29 07:43:49,306 [INFO] Phase 1.4 — Vector Storage (ChromaDB)
2026-05-29 07:43:49,306 [INFO] ============================================================
2026-05-29 07:43:49,399 [INFO] Bootstrapping ChromaDB from embedded_chunks.json …
2026-05-29 07:43:49,412 [INFO] Collection 'hdfc_mutual_funds' ready (existing docs: 0)
2026-05-29 07:43:49,412 [INFO] Upserting 26 chunks into 'hdfc_mutual_funds'...
2026-05-29 07:43:49,435 [INFO] Upsert complete. Collection now contains 26 documents.
2026-05-29 07:43:49,435 [INFO] Manifest saved to: /home/runner/work/Groww-Chatbot/Groww-Chatbot/data/vectorstore/manifest.json
2026-05-29 07:43:49,435 [INFO] Vector store bootstrap complete: 26 documents.
2026-05-29 07:43:53,900 [INFO] Running smoke test queries...
2026-05-29 07:43:53,901 [INFO] Use pytorch device_name: cpu
2026-05-29 07:43:53,901 [INFO] Load pretrained SentenceTransformer: BAAI/bge-small-en
2026-05-29 07:43:55,126 [INFO] ============================================================
2026-05-29 07:43:55,126 [INFO] Vector store ready at : /home/runner/work/Groww-Chatbot/Groww-Chatbot/data/vectorstore
2026-05-29 07:43:55,126 [INFO] Collection            : hdfc_mutual_funds
2026-05-29 07:43:55,127 [INFO] Total in collection   : 26
2026-05-29 07:43:55,127 [INFO] ============================================================
2026-05-30 06:40:06,928 [INFO] ============================================================
2026-05-30 06:40:06,928 [INFO] Phase 1.4 — Vector Storage (ChromaDB)
2026-05-30 06:40:06,928 [INFO] ============================================================
2026-05-30 06:40:07,029 [INFO] Bootstrapping ChromaDB from embedded_chunks.json …
2026-05-30 06:40:07,041 [INFO] Collection 'hdfc_mutual_funds' ready (existing docs: 0)
2026-05-30 06:40:07,041 [INFO] Upserting 26 chunks into 'hdfc_mutual_funds'...
2026-05-30 06:40:07,063 [INFO] Upsert complete. Collection now contains 26 documents.
2026-05-30 06:40:07,063 [INFO] Manifest saved to: /home/runner/work/Groww-Chatbot/Groww-Chatbot/data/vectorstore/manifest.json
2026-05-30 06:40:07,063 [INFO] Vector store bootstrap complete: 26 documents.
2026-05-30 06:40:10,859 [INFO] Running smoke test queries...
2026-05-30 06:40:10,860 [INFO] Use pytorch device_name: cpu
2026-05-30 06:40:10,860 [INFO] Load pretrained SentenceTransformer: BAAI/bge-small-en
2026-05-30 06:40:12,216 [INFO] ============================================================
2026-05-30 06:40:12,216 [INFO] Vector store ready at : /home/runner/work/Groww-Chatbot/Groww-Chatbot/data/vectorstore
2026-05-30 06:40:12,216 [INFO] Collection            : hdfc_mutual_funds
2026-05-30 06:40:12,217 [INFO] Total in collection   : 26
2026-05-30 06:40:12,217 [INFO] ============================================================
2026-05-31 07:37:17,502 [INFO] ============================================================
2026-05-31 07:37:17,502 [INFO] Phase 1.4 — Vector Storage (ChromaDB)
2026-05-31 07:37:17,502 [INFO] ============================================================
2026-05-31 07:37:18,004 [INFO] Bootstrapping ChromaDB from embedded_chunks.json …
2026-05-31 07:37:18,016 [INFO] Collection 'hdfc_mutual_funds' ready (existing docs: 0)
2026-05-31 07:37:18,017 [INFO] Upserting 26 chunks into 'hdfc_mutual_funds'...
2026-05-31 07:37:18,037 [INFO] Upsert complete. Collection now contains 26 documents.
2026-05-31 07:37:18,037 [INFO] Manifest saved to: /home/runner/work/Groww-Chatbot/Groww-Chatbot/data/vectorstore/manifest.json
2026-05-31 07:37:18,037 [INFO] Vector store bootstrap complete: 26 documents.
2026-05-31 07:37:22,008 [INFO] Running smoke test queries...
2026-05-31 07:37:22,008 [INFO] Use pytorch device_name: cpu
2026-05-31 07:37:22,008 [INFO] Load pretrained SentenceTransformer: BAAI/bge-small-en
2026-05-31 07:37:22,510 [INFO] ============================================================
2026-05-31 07:37:22,510 [INFO] Vector store ready at : /home/runner/work/Groww-Chatbot/Groww-Chatbot/data/vectorstore
2026-05-31 07:37:22,510 [INFO] Collection            : hdfc_mutual_funds
2026-05-31 07:37:22,510 [INFO] Total in collection   : 26
2026-05-31 07:37:22,511 [INFO] ============================================================
2026-06-01 09:07:33,915 [INFO] ============================================================
2026-06-01 09:07:33,916 [INFO] Phase 1.4 — Vector Storage (ChromaDB)
2026-06-01 09:07:33,916 [INFO] ============================================================
2026-06-01 09:07:34,011 [INFO] Bootstrapping ChromaDB from embedded_chunks.json …
2026-06-01 09:07:34,026 [INFO] Collection 'hdfc_mutual_funds' ready (existing docs: 0)
2026-06-01 09:07:34,026 [INFO] Upserting 26 chunks into 'hdfc_mutual_funds'...
2026-06-01 09:07:34,050 [INFO] Upsert complete. Collection now contains 26 documents.
2026-06-01 09:07:34,051 [INFO] Manifest saved to: /home/runner/work/Groww-Chatbot/Groww-Chatbot/data/vectorstore/manifest.json
2026-06-01 09:07:34,051 [INFO] Vector store bootstrap complete: 26 documents.
2026-06-01 09:07:38,129 [INFO] Running smoke test queries...
2026-06-01 09:07:38,130 [INFO] Use pytorch device_name: cpu
2026-06-01 09:07:38,130 [INFO] Load pretrained SentenceTransformer: BAAI/bge-small-en
2026-06-01 09:07:38,889 [INFO] ============================================================
2026-06-01 09:07:38,889 [INFO] Vector store ready at : /home/runner/work/Groww-Chatbot/Groww-Chatbot/data/vectorstore
2026-06-01 09:07:38,889 [INFO] Collection            : hdfc_mutual_funds
2026-06-01 09:07:38,889 [INFO] Total in collection   : 26
2026-06-01 09:07:38,890 [INFO] ============================================================
2026-06-02 08:18:12,202 [INFO] ============================================================
2026-06-02 08:18:12,202 [INFO] Phase 1.4 — Vector Storage (ChromaDB)
2026-06-02 08:18:12,202 [INFO] ============================================================
2026-06-02 08:18:12,301 [INFO] Bootstrapping ChromaDB from embedded_chunks.json …
2026-06-02 08:18:12,314 [INFO] Collection 'hdfc_mutual_funds' ready (existing docs: 0)
2026-06-02 08:18:12,314 [INFO] Upserting 26 chunks into 'hdfc_mutual_funds'...
2026-06-02 08:18:12,338 [INFO] Upsert complete. Collection now contains 26 documents.
2026-06-02 08:18:12,338 [INFO] Manifest saved to: /home/runner/work/Groww-Chatbot/Groww-Chatbot/data/vectorstore/manifest.json
2026-06-02 08:18:12,338 [INFO] Vector store bootstrap complete: 26 documents.
2026-06-02 08:18:16,123 [INFO] Running smoke test queries...
2026-06-02 08:18:16,123 [INFO] Use pytorch device_name: cpu
2026-06-02 08:18:16,123 [INFO] Load pretrained SentenceTransformer: BAAI/bge-small-en
2026-06-02 08:18:16,933 [INFO] ============================================================
2026-06-02 08:18:16,934 [INFO] Vector store ready at : /home/runner/work/Groww-Chatbot/Groww-Chatbot/data/vectorstore
2026-06-02 08:18:16,934 [INFO] Collection            : hdfc_mutual_funds
2026-06-02 08:18:16,934 [INFO] Total in collection   : 26
2026-06-02 08:18:16,934 [INFO] ============================================================
